Archive member included to satisfy reference by file (symbol)

/usr/lib/gcc/arm-none-eabi/14.2.1/../../../arm-none-eabi/lib/thumb/v7-m/nofp/libg.a(libc_a-strncmp.o)
                              /tmp/ccdGTFbH.o (strncmp)
/usr/lib/gcc/arm-none-eabi/14.2.1/../../../arm-none-eabi/lib/thumb/v7-m/nofp/libg.a(libc_a-sprintf.o)
                              /tmp/ccdGTFbH.o (sprintf)
/usr/lib/gcc/arm-none-eabi/14.2.1/../../../arm-none-eabi/lib/thumb/v7-m/nofp/libg.a(libc_a-init.o)
                              /usr/lib/gcc/arm-none-eabi/14.2.1/../../../arm-none-eabi/lib/thumb/v7-m/nofp/crt0.o (__libc_init_array)
/usr/lib/gcc/arm-none-eabi/14.2.1/../../../arm-none-eabi/lib/thumb/v7-m/nofp/libg.a(libc_a-svfprintf.o)
                              /usr/lib/gcc/arm-none-eabi/14.2.1/../../../arm-none-eabi/lib/thumb/v7-m/nofp/libg.a(libc_a-sprintf.o) (_svfprintf_r)
/usr/lib/gcc/arm-none-eabi/14.2.1/../../../arm-none-eabi/lib/thumb/v7-m/nofp/libg.a(libc_a-atoi.o)
                              /tmp/ccdGTFbH.o (atoi)
/usr/lib/gcc/arm-none-eabi/14.2.1/../../../arm-none-eabi/lib/thumb/v7-m/nofp/libg.a(libc_a-strtol.o)
                              /usr/lib/gcc/arm-none-eabi/14.2.1/../../../arm-none-eabi/lib/thumb/v7-m/nofp/libg.a(libc_a-atoi.o) (_strtol_r)
/usr/lib/gcc/arm-none-eabi/14.2.1/../../../arm-none-eabi/lib/thumb/v7-m/nofp/libg.a(libc_a-fini.o)
                              /usr/lib/gcc/arm-none-eabi/14.2.1/../../../arm-none-eabi/lib/thumb/v7-m/nofp/crt0.o (__libc_fini_array)
/usr/lib/gcc/arm-none-eabi/14.2.1/../../../arm-none-eabi/lib/thumb/v7-m/nofp/libg.a(libc_a-ctype_.o)
                              /usr/lib/gcc/arm-none-eabi/14.2.1/../../../arm-none-eabi/lib/thumb/v7-m/nofp/libg.a(libc_a-strtol.o) (_ctype_)
/usr/lib/gcc/arm-none-eabi/14.2.1/../../../arm-none-eabi/lib/thumb/v7-m/nofp/libg.a(libc_a-memset.o)
                              /usr/lib/gcc/arm-none-eabi/14.2.1/../../../arm-none-eabi/lib/thumb/v7-m/nofp/crt0.o (memset)
/usr/lib/gcc/arm-none-eabi/14.2.1/../../../arm-none-eabi/lib/thumb/v7-m/nofp/libg.a(libc_a-impure.o)
                              /usr/lib/gcc/arm-none-eabi/14.2.1/../../../arm-none-eabi/lib/thumb/v7-m/nofp/libg.a(libc_a-sprintf.o) (_impure_ptr)
/usr/lib/gcc/arm-none-eabi/14.2.1/../../../arm-none-eabi/lib/thumb/v7-m/nofp/libg.a(libc_a-strcmp.o)
                              /tmp/ccdGTFbH.o (strcmp)
/usr/lib/gcc/arm-none-eabi/14.2.1/../../../arm-none-eabi/lib/thumb/v7-m/nofp/libg.a(libc_a-exit.o)
                              /usr/lib/gcc/arm-none-eabi/14.2.1/../../../arm-none-eabi/lib/thumb/v7-m/nofp/crt0.o (exit)
/usr/lib/gcc/arm-none-eabi/14.2.1/../../../arm-none-eabi/lib/thumb/v7-m/nofp/libg.a(libc_a-atexit.o)
                              /usr/lib/gcc/arm-none-eabi/14.2.1/../../../arm-none-eabi/lib/thumb/v7-m/nofp/crt0.o (atexit)
/usr/lib/gcc/arm-none-eabi/14.2.1/../../../arm-none-eabi/lib/thumb/v7-m/nofp/libg.a(libc_a-ssprint_r.o)
                              /usr/lib/gcc/arm-none-eabi/14.2.1/../../../arm-none-eabi/lib/thumb/v7-m/nofp/libg.a(libc_a-svfprintf.o) (__ssprint_r)
/usr/lib/gcc/arm-none-eabi/14.2.1/../../../arm-none-eabi/lib/thumb/v7-m/nofp/libg.a(libc_a-findfp.o)
                              /usr/lib/gcc/arm-none-eabi/14.2.1/../../../arm-none-eabi/lib/thumb/v7-m/nofp/libg.a(libc_a-impure.o) (__sf)
/usr/lib/gcc/arm-none-eabi/14.2.1/../../../arm-none-eabi/lib/thumb/v7-m/nofp/libg.a(libc_a-fwalk.o)
                              /usr/lib/gcc/arm-none-eabi/14.2.1/../../../arm-none-eabi/lib/thumb/v7-m/nofp/libg.a(libc_a-findfp.o) (_fwalk_sglue)
/usr/lib/gcc/arm-none-eabi/14.2.1/../../../arm-none-eabi/lib/thumb/v7-m/nofp/libg.a(libc_a-errno.o)
                              /usr/lib/gcc/arm-none-eabi/14.2.1/../../../arm-none-eabi/lib/thumb/v7-m/nofp/libg.a(libc_a-strtol.o) (__errno)
/usr/lib/gcc/arm-none-eabi/14.2.1/../../../arm-none-eabi/lib/thumb/v7-m/nofp/libg.a(libc_a-strlen-stub.o)
                              /usr/lib/gcc/arm-none-eabi/14.2.1/../../../arm-none-eabi/lib/thumb/v7-m/nofp/libg.a(libc_a-svfprintf.o) (strlen)
/usr/lib/gcc/arm-none-eabi/14.2.1/../../../arm-none-eabi/lib/thumb/v7-m/nofp/libg.a(libc_a-localeconv.o)
                              /usr/lib/gcc/arm-none-eabi/14.2.1/../../../arm-none-eabi/lib/thumb/v7-m/nofp/libg.a(libc_a-svfprintf.o) (_localeconv_r)
/usr/lib/gcc/arm-none-eabi/14.2.1/../../../arm-none-eabi/lib/thumb/v7-m/nofp/libg.a(libc_a-mallocr.o)
                              /usr/lib/gcc/arm-none-eabi/14.2.1/../../../arm-none-eabi/lib/thumb/v7-m/nofp/libg.a(libc_a-svfprintf.o) (_malloc_r)
/usr/lib/gcc/arm-none-eabi/14.2.1/../../../arm-none-eabi/lib/thumb/v7-m/nofp/libg.a(libc_a-memchr-stub.o)
                              /usr/lib/gcc/arm-none-eabi/14.2.1/../../../arm-none-eabi/lib/thumb/v7-m/nofp/libg.a(libc_a-svfprintf.o) (memchr)
/usr/lib/gcc/arm-none-eabi/14.2.1/../../../arm-none-eabi/lib/thumb/v7-m/nofp/libg.a(libc_a-dtoa.o)
[...]
Memory Configuration

Name             Origin             Length             Attributes
FLASH            0x08000000         0x00010000         xr
RAM              0x20000000         0x00005000         xrw
*default*        0x00000000         0xffffffff

Linker script and memory map

LOAD /usr/lib/gcc/arm-none-eabi/14.2.1/thumb/v7-m/nofp/crti.o
LOAD /usr/lib/gcc/arm-none-eabi/14.2.1/thumb/v7-m/nofp/crtbegin.o
LOAD /usr/lib/gcc/arm-none-eabi/14.2.1/../../../arm-none-eabi/lib/thumb/v7-m/nofp/crt0.o
LOAD /tmp/ccdGTFbH.o
LOAD /tmp/ccPCgyhk.o
START GROUP
LOAD /usr/lib/gcc/arm-none-eabi/14.2.1/thumb/v7-m/nofp/libgcc.a
LOAD /usr/lib/gcc/arm-none-eabi/14.2.1/../../../arm-none-eabi/lib/thumb/v7-m/nofp/libg.a
LOAD /usr/lib/gcc/arm-none-eabi/14.2.1/../../../arm-none-eabi/lib/thumb/v7-m/nofp/libc.a
END GROUP
START GROUP
LOAD /usr/lib/gcc/arm-none-eabi/14.2.1/thumb/v7-m/nofp/libgcc.a
LOAD /usr/lib/gcc/arm-none-eabi/14.2.1/../../../arm-none-eabi/lib/thumb/v7-m/nofp/libc.a
LOAD /usr/lib/gcc/arm-none-eabi/14.2.1/../../../arm-none-eabi/lib/thumb/v7-m/nofp/libnosys.a
END GROUP
LOAD /usr/lib/gcc/arm-none-eabi/14.2.1/thumb/v7-m/nofp/crtend.o
LOAD /usr/lib/gcc/arm-none-eabi/14.2.1/thumb/v7-m/nofp/crtn.o
                0x20005000                        _estack = (ORIGIN (RAM) + LENGTH (RAM))

.text           0x08000000     0x7cfc
                0x08000000                        _stext = .
 *(.isr_vector)
 .isr_vector    0x08000000      0x294 /tmp/ccPCgyhk.o
                0x08000000                g_pfnVectors
 *(.text)
 .text          0x08000294      0x388 /tmp/ccdGTFbH.o
                0x080002c4                SystemInit
                0x080002d0                UART_SendChar
                0x080002fc                UART_SendString
                0x08000326                USART1_IRQHandler
                0x080003a4                System_Init_Register
                0x08000474                Process_Command
                0x080005d4                main
                0x08000604                _write
 .text          0x0800061c       0x78 /usr/lib/gcc/arm-none-eabi/14.2.1/../../../arm-none-eabi/lib/thumb/v7-m/nofp/libg.a(libc_a-strncmp.o)
                0x0800061c                strncmp
 .text          0x08000694       0x80 /usr/lib/gcc/arm-none-eabi/14.2.1/../../../arm-none-eabi/lib/thumb/v7-m/nofp/libg.a(libc_a-sprintf.o)
                0x08000694                _sprintf_r
                0x080006d0                sprintf
 .text          0x08000714     0x1a70 /usr/lib/gcc/arm-none-eabi/14.2.1/../../../arm-none-eabi/lib/thumb/v7-m/nofp/libg.a(libc_a-svfprintf.o)
                0x08000714                _svfprintf_r
 .text          0x08002184       0x10 /usr/lib/gcc/arm-none-eabi/14.2.1/../../../arm-none-eabi/lib/thumb/v7-m/nofp/libg.a(libc_a-atoi.o)
                0x08002184                atoi
                0x0800218c                _atoi_r
 .text          0x08002194      0x174 /usr/lib/gcc/arm-none-eabi/14.2.1/../../../arm-none-eabi/lib/thumb/v7-m/nofp/libg.a(libc_a-strtol.o)
                0x080022cc                _strtol_r
                0x080022d0                strtol_l
                0x080022ec                strtol
 .text          0x08002308       0x9c /usr/lib/gcc/arm-none-eabi/14.2.1/../../../arm-none-eabi/lib/thumb/v7-m/nofp/libg.a(libc_a-memset.o)
                0x08002308                memset
 .text          0x080023a4      0x1bc /usr/lib/gcc/arm-none-eabi/14.2.1/../../../arm-none-eabi/lib/thumb/v7-m/nofp/libg.a(libc_a-strcmp.o)
                0x080023a4                strcmp
 .text          0x08002560       0x58 /usr/lib/gcc/arm-none-eabi/14.2.1/../../../arm-none-eabi/lib/thumb/v7-m/nofp/libg.a(libc_a-ssprint_r.o)
                0x08002560                __ssprint_r
 .text          0x080025b8      0x224 /usr/lib/gcc/arm-none-eabi/14.2.1/../../../arm-none-eabi/lib/thumb/v7-m/nofp/libg.a(libc_a-findfp.o)
                0x080026e8                __sfp
                0x0800278c                __sinit
                0x080027ac                __sfp_lock_acquire
                0x080027b0                __sfp_lock_release
                0x080027b4                __fp_lock_all
                0x080027c8                __fp_unlock_all
 .text          0x080027dc       0x44 /usr/lib/gcc/arm-none-eabi/14.2.1/../../../arm-none-eabi/lib/thumb/v7-m/nofp/libg.a(libc_a-fwalk.o)
                0x080027dc                _fwalk_sglue
 .text          0x08002820        0xc /usr/lib/gcc/arm-none-eabi/14.2.1/../../../arm-none-eabi/lib/thumb/v7-m/nofp/libg.a(libc_a-errno.o)
                0x08002820                __errno
 .text          0x0800282c       0x5c /usr/lib/gcc/arm-none-eabi/14.2.1/../../../arm-none-eabi/lib/thumb/v7-m/nofp/libg.a(libc_a-strlen-stub.o)
                0x0800282c                strlen
 .text          0x08002888       0x14 /usr/lib/gcc/arm-none-eabi/14.2.1/../../../arm-none-eabi/lib/thumb/v7-m/nofp/libg.a(libc_a-localeconv.o)
                0x08002888                __localeconv_l
                0x0800288c                _localeconv_r
                0x08002894                localeconv
 .text          0x0800289c      0x570 /usr/lib/gcc/arm-none-eabi/14.2.1/../../../arm-none-eabi/lib/thumb/v7-m/nofp/libg.a(libc_a-mallocr.o)
                0x0800289c                _malloc_r
 .text          0x08002e0c       0x80 /usr/lib/gcc/arm-none-eabi/14.2.1/../../../arm-none-eabi/lib/thumb/v7-m/nofp/libg.a(libc_a-memchr-stub.o)
                0x08002e0c                memchr
 *fill*         0x08002e8c        0x4 
 .text          0x08002e90     0x1168 /usr/lib/gcc/arm-none-eabi/14.2.1/../../../arm-none-eabi/lib/thumb/v7-m/nofp/libg.a(libc_a-dtoa.o)
                0x08002fcc                _dtoa_r
 .text          0x08003ff8       0x24 /usr/lib/gcc/arm-none-eabi/14.2.1/../../../arm-none-eabi/lib/thumb/v7-m/nofp/libg.a(libc_a-sbrkr.o)
                0x08003ff8                _sbrk_r
 .text          0x0800401c      0x2a0 /usr/lib/gcc/arm-none-eabi/14.2.1/../../../arm-none-eabi/lib/thumb/v7-m/nofp/libg.a(libc_a-freer.o)
                0x0800401c                _malloc_trim_r
                0x080040d4                _free_r
 .text          0x080042bc       0xc0 /usr/lib/gcc/arm-none-eabi/14.2.1/../../../arm-none-eabi/lib/thumb/v7-m/nofp/libg.a(libc_a-ssputs_r.o)
                0x080042bc                __ssputs_r
 .text          0x0800437c        0x8 /usr/lib/gcc/arm-none-eabi/14.2.1/../../../arm-none-eabi/lib/thumb/v7-m/nofp/libg.a(libc_a-mlock.o)
                0x0800437c                __malloc_lock
                0x08004380                __malloc_unlock
 .text          0x08004384       0x94 /usr/lib/gcc/arm-none-eabi/14.2.1/../../../arm-none-eabi/lib/thumb/v7-m/nofp/libg.a(libc_a-stdio.o)
                0x08004384                __sread
                0x080043a8                __seofread
                0x080043ac                __swrite
                0x080043ec                __sseek
                0x08004410                __sclose
 .text          0x08004418       0xec /usr/lib/gcc/arm-none-eabi/14.2.1/../../../arm-none-eabi/lib/thumb/v7-m/nofp/libg.a(libc_a-memcpy.o)
                0x08004418                memcpy
 .text          0x08004504      0x130 /usr/lib/gcc/arm-none-eabi/14.2.1/../../../arm-none-eabi/lib/thumb/v7-m/nofp/libg.a(libc_a-memmove.o)
                0x08004504                memmove
 .text          0x08004634       0x4c /usr/lib/gcc/arm-none-eabi/14.2.1/../../../arm-none-eabi/lib/thumb/v7-m/nofp/libg.a(libc_a-assert.o)
                0x08004634                __assert_func
                0x08004674                __assert
 .text          0x08004680      0xa98 /usr/lib/gcc/arm-none-eabi/14.2.1/../../../arm-none-eabi/lib/thumb/v7-m/nofp/libg.a(libc_a-mprec.o)
                0x08004680                _Balloc
                0x080046cc                _Bfree
                0x080046e0                __multadd
                0x08004784                __s2b
                0x08004834                __hi0bits
                0x08004888                __lo0bits
                0x08004904                __i2b
                0x08004960                __multiply
                0x08004ac8                __pow5mult
                0x08004b88                __lshift
                0x08004c70                __mcmp
                0x08004cb0                __mdiff
                0x08004e14                __ulp
                0x08004e64                __b2d
                0x08004f14                __d2b
                0x08004fcc                __ratio
                0x08005028                _mprec_log10
                0x08005060                __copybits
                0x080050c0                __any_on
 .text          0x08005118       0xa0 /usr/lib/gcc/arm-none-eabi/14.2.1/../../../arm-none-eabi/lib/thumb/v7-m/nofp/libg.a(libc_a-fclose.o)
                0x08005118                _fclose_r
                0x080051a8                fclose
 .text          0x080051b8       0x44 /usr/lib/gcc/arm-none-eabi/14.2.1/../../../arm-none-eabi/lib/thumb/v7-m/nofp/libg.a(libc_a-fiprintf.o)
                0x080051b8                _fiprintf_r
                0x080051d4                fiprintf
 .text          0x080051fc       0x2c /usr/lib/gcc/arm-none-eabi/14.2.1/../../../arm-none-eabi/lib/thumb/v7-m/nofp/libg.a(libc_a-readr.o)
                0x080051fc                _read_r
 .text          0x08005228       0x1c /usr/lib/gcc/arm-none-eabi/14.2.1/../../../arm-none-eabi/lib/thumb/v7-m/nofp/libg.a(libc_a-sysconf.o)
                0x08005228                sysconf
 .text          0x08005244       0x40 /usr/lib/gcc/arm-none-eabi/14.2.1/../../../arm-none-eabi/lib/thumb/v7-m/nofp/libg.a(libc_a-mbtowc_r.o)
                0x08005244                _mbtowc_r
                0x08005258                __ascii_mbtowc
 .text          0x08005284       0x2c /usr/lib/gcc/arm-none-eabi/14.2.1/../../../arm-none-eabi/lib/thumb/v7-m/nofp/libg.a(libc_a-writer.o)
                0x08005284                _write_r
 .text          0x080052b0       0x24 /usr/lib/gcc/arm-none-eabi/14.2.1/../../../arm-none-eabi/lib/thumb/v7-m/nofp/libg.a(libc_a-closer.o)
                0x080052b0                _close_r
 .text          0x080052d4       0x10 /usr/lib/gcc/arm-none-eabi/14.2.1/../../../arm-none-eabi/lib/thumb/v7-m/nofp/libg.a(libc_a-abort.o)
                0x080052d4                abort
 .text          0x080052e4       0x6c /usr/lib/gcc/arm-none-eabi/14.2.1/../../../arm-none-eabi/lib/thumb/v7-m/nofp/libg.a(libc_a-callocr.o)
                0x080052e4                _calloc_r
 .text          0x08005350       0x30 /usr/lib/gcc/arm-none-eabi/14.2.1/../../../arm-none-eabi/lib/thumb/v7-m/nofp/libg.a(libc_a-wctomb_r.o)
                0x08005350                _wctomb_r
                0x08005364                __ascii_wctomb
 .text          0x08005380      0x198 /usr/lib/gcc/arm-none-eabi/14.2.1/../../../arm-none-eabi/lib/thumb/v7-m/nofp/libg.a(libc_a-fflush.o)
                0x08005380                __sflush_r
                0x080054a4                _fflush_r
                0x080054d0                fflush
 .text          0x08005518      0x350 /usr/lib/gcc/arm-none-eabi/14.2.1/../../../arm-none-eabi/lib/thumb/v7-m/nofp/libg.a(libc_a-reallocr.o)
                0x08005518                _realloc_r
 .text          0x08005868       0x2c /usr/lib/gcc/arm-none-eabi/14.2.1/../../../arm-none-eabi/lib/thumb/v7-m/nofp/libg.a(libc_a-lseekr.o)
                0x08005868                _lseek_r
 .text          0x08005894      0x280 /usr/lib/gcc/arm-none-eabi/14.2.1/../../../arm-none-eabi/lib/thumb/v7-m/nofp/libg.a(libc_a-signal.o)
                0x08005894                _init_signal_r
                0x080058c4                _signal_r
                0x08005914                _raise_r
                0x08005968                __sigtramp_r
                0x080059cc                raise
                0x08005a24                signal
                0x08005a74                _init_signal
                0x08005aac                __sigtramp
 .text          0x08005b14      0xe0c /usr/lib/gcc/arm-none-eabi/14.2.1/../../../arm-none-eabi/lib/thumb/v7-m/nofp/libg.a(libc_a-vfiprintf.o)
                0x08005b14                _vfiprintf_r
                0x08006898                vfiprintf
 .text          0x08006920       0x20 /usr/lib/gcc/arm-none-eabi/14.2.1/../../../arm-none-eabi/lib/thumb/v7-m/nofp/libg.a(libc_a-sprint_r.o)
                0x08006920                __sprint_r
 .text          0x08006940       0x2c /usr/lib/gcc/arm-none-eabi/14.2.1/../../../arm-none-eabi/lib/thumb/v7-m/nofp/libg.a(libc_a-signalr.o)
                0x08006940                _kill_r
                0x08006968                _getpid_r
 .text          0x0800696c       0xfc /usr/lib/gcc/arm-none-eabi/14.2.1/../../../arm-none-eabi/lib/thumb/v7-m/nofp/libg.a(libc_a-wsetup.o)
                0x0800696c                __swsetup_r
 .text          0x08006a68      0x2d8 /usr/lib/gcc/arm-none-eabi/14.2.1/../../../arm-none-eabi/lib/thumb/v7-m/nofp/libg.a(libc_a-fvwrite.o)
                0x08006a68                __sfvwrite_r
 .text          0x08006d40      0x130 /usr/lib/gcc/arm-none-eabi/14.2.1/../../../arm-none-eabi/lib/thumb/v7-m/nofp/libg.a(libc_a-makebuf.o)
                0x08006d40                __smakebuf_r
                0x08006e10                __swhatbuf_r
 .text          0x08006e70       0x28 /usr/lib/gcc/arm-none-eabi/14.2.1/../../../arm-none-eabi/lib/thumb/v7-m/nofp/libg.a(libc_a-fstatr.o)
                0x08006e70                _fstat_r
 .text          0x08006e98       0x24 /usr/lib/gcc/arm-none-eabi/14.2.1/../../../arm-none-eabi/lib/thumb/v7-m/nofp/libg.a(libc_a-isattyr.o)
                0x08006e98                _isatty_r
 .text          0x08006ebc      0x378 /usr/lib/gcc/arm-none-eabi/14.2.1/thumb/v7-m/nofp/libgcc.a(_arm_addsubdf3.o)
                0x08006ebc                __aeabi_drsub
                0x08006ec4                __aeabi_dsub
                0x08006ec4                __subdf3
                0x08006ec8                __adddf3
                0x08006ec8                __aeabi_dadd
                0x08007140                __aeabi_ui2d
                0x08007140                __floatunsidf
                0x08007160                __floatsidf
                0x08007160                __aeabi_i2d
                0x08007184                __extendsfdf2
                0x08007184                __aeabi_f2d
                0x080071c8                __aeabi_ul2d
                0x080071c8                __floatundidf
                0x080071d8                __floatdidf
                0x080071d8                __aeabi_l2d
 .text          0x08007234      0x424 /usr/lib/gcc/arm-none-eabi/14.2.1/thumb/v7-m/nofp/libgcc.a(_arm_muldivdf3.o)
                0x08007234                __aeabi_dmul
                0x08007234                __muldf3
                0x08007488                __aeabi_ddiv
                0x08007488                __divdf3
 .text          0x08007658      0x110 /usr/lib/gcc/arm-none-eabi/14.2.1/thumb/v7-m/nofp/libgcc.a(_arm_cmpdf2.o)
                0x08007658                __gtdf2
                0x08007658                __gedf2
                0x08007660                __ltdf2
                0x08007660                __ledf2
                0x08007668                __cmpdf2
                0x08007668                __eqdf2
                0x08007668                __nedf2
                0x080076e4                __aeabi_cdrcmple
                0x080076f4                __aeabi_cdcmple
                0x080076f4                __aeabi_cdcmpeq
                0x08007704                __aeabi_dcmpeq
                0x08007718                __aeabi_dcmplt
                0x0800772c                __aeabi_dcmple
                0x08007740                __aeabi_dcmpge
                0x08007754                __aeabi_dcmpgt
 .text          0x08007768       0x2c /usr/lib/gcc/arm-none-eabi/14.2.1/thumb/v7-m/nofp/libgcc.a(_arm_unorddf2.o)
                0x08007768                __aeabi_dcmpun
                0x08007768                __unorddf2
 .text          0x08007794       0x50 /usr/lib/gcc/arm-none-eabi/14.2.1/thumb/v7-m/nofp/libgcc.a(_arm_fixdfsi.o)
                0x08007794                __fixdfsi
                0x08007794                __aeabi_d2iz
 .text          0x080077e4       0x10 /usr/lib/gcc/arm-none-eabi/14.2.1/../../../arm-none-eabi/lib/thumb/v7-m/nofp/libnosys.a(close.o)
                0x080077e4                _close
 .text          0x080077f4       0x10 /usr/lib/gcc/arm-none-eabi/14.2.1/../../../arm-none-eabi/lib/thumb/v7-m/nofp/libnosys.a(fstat.o)
                0x080077f4                _fstat
 .text          0x08007804       0x10 /usr/lib/gcc/arm-none-eabi/14.2.1/../../../arm-none-eabi/lib/thumb/v7-m/nofp/libnosys.a(getpid.o)
                0x08007804                _getpid
 .text          0x08007814       0x10 /usr/lib/gcc/arm-none-eabi/14.2.1/../../../arm-none-eabi/lib/thumb/v7-m/nofp/libnosys.a(isatty.o)
                0x08007814                _isatty
 .text          0x08007824       0x10 /usr/lib/gcc/arm-none-eabi/14.2.1/../../../arm-none-eabi/lib/thumb/v7-m/nofp/libnosys.a(kill.o)
                0x08007824                _kill
 .text          0x08007834       0x10 /usr/lib/gcc/arm-none-eabi/14.2.1/../../../arm-none-eabi/lib/thumb/v7-m/nofp/libnosys.a(lseek.o)
                0x08007834                _lseek
 .text          0x08007844       0x10 /usr/lib/gcc/arm-none-eabi/14.2.1/../../../arm-none-eabi/lib/thumb/v7-m/nofp/libnosys.a(read.o)
                0x08007844                _read
 .text          0x08007854       0x1c /usr/lib/gcc/arm-none-eabi/14.2.1/../../../arm-none-eabi/lib/thumb/v7-m/nofp/libnosys.a(sbrk.o)
                0x08007854                _sbrk
 .text          0x08007870        0x4 /usr/lib/gcc/arm-none-eabi/14.2.1/../../../arm-none-eabi/lib/thumb/v7-m/nofp/libnosys.a(_exit.o)
                0x08007870                _exit
 *(.text*)
 .text.Reset_Handler
                0x08007874       0x14 /tmp/ccPCgyhk.o
                0x08007874                Reset_Handler
 .text.Default_Handler
                0x08007888        0x2 /tmp/ccPCgyhk.o
 *(.rodata)
 *fill*         0x0800788a        0x2 
 .rodata        0x0800788c       0xce /tmp/ccdGTFbH.o
 *fill*         0x0800795a        0x2 
 .rodata        0x0800795c       0x20 /usr/lib/gcc/arm-none-eabi/14.2.1/../../../arm-none-eabi/lib/thumb/v7-m/nofp/libg.a(libc_a-svfprintf.o)
 .rodata        0x0800797c      0x101 /usr/lib/gcc/arm-none-eabi/14.2.1/../../../arm-none-eabi/lib/thumb/v7-m/nofp/libg.a(libc_a-ctype_.o)
                0x0800797c                _ctype_
 *fill*         0x08007a7d        0x3 
 .rodata        0x08007a80      0x128 /usr/lib/gcc/arm-none-eabi/14.2.1/../../../arm-none-eabi/lib/thumb/v7-m/nofp/libg.a(libc_a-mprec.o)
                0x08007a90                __mprec_tens
                0x08007b58                __mprec_tinytens
                0x08007b80                __mprec_bigtens
 .rodata        0x08007ba8       0x20 /usr/lib/gcc/arm-none-eabi/14.2.1/../../../arm-none-eabi/lib/thumb/v7-m/nofp/libg.a(libc_a-vfiprintf.o)
 *(.rodata*)
 .rodata.str1.4
                0x08007bc8      0x112 /usr/lib/gcc/arm-none-eabi/14.2.1/../../../arm-none-eabi/lib/thumb/v7-m/nofp/libg.a(libc_a-svfprintf.o)
                                 0x42 (size before relaxing)
 .rodata.str1.4
                0x08007cda        0x0 /usr/lib/gcc/arm-none-eabi/14.2.1/../../../arm-none-eabi/lib/thumb/v7-m/nofp/libg.a(libc_a-dtoa.o)
                                 0x54 (size before relaxing)
 .rodata.str1.4
                0x08007cda        0x0 /usr/lib/gcc/arm-none-eabi/14.2.1/../../../arm-none-eabi/lib/thumb/v7-m/nofp/libg.a(libc_a-assert.o)
                                 0x43 (size before relaxing)
 .rodata.str1.4
                0x08007cda        0x0 /usr/lib/gcc/arm-none-eabi/14.2.1/../../../arm-none-eabi/lib/thumb/v7-m/nofp/libg.a(libc_a-mprec.o)
                                 0x41 (size before relaxing)
 .rodata.str1.4
                0x08007cda        0x0 /usr/lib/gcc/arm-none-eabi/14.2.1/../../../arm-none-eabi/lib/thumb/v7-m/nofp/libg.a(libc_a-locale.o)
                                 0x12 (size before relaxing)
 .rodata.str1.4
                0x08007cda        0x0 /usr/lib/gcc/arm-none-eabi/14.2.1/../../../arm-none-eabi/lib/thumb/v7-m/nofp/libg.a(libc_a-vfiprintf.o)
                                 0x2f (size before relaxing)
 *(.init)
 *fill*         0x08007cda        0x2 
 .init          0x08007cdc        0x4 /usr/lib/gcc/arm-none-eabi/14.2.1/thumb/v7-m/nofp/crti.o
                0x08007cdc                _init
 .init          0x08007ce0        0x8 /usr/lib/gcc/arm-none-eabi/14.2.1/thumb/v7-m/nofp/crtn.o
 *(.fini)
 .fini          0x08007ce8        0x4 /usr/lib/gcc/arm-none-eabi/14.2.1/thumb/v7-m/nofp/crti.o
                0x08007ce8                _fini
 .fini          0x08007cec        0x8 /usr/lib/gcc/arm-none-eabi/14.2.1/thumb/v7-m/nofp/crtn.o
 *(.ARM.exidx* .gnu.linkonce.armexidx.*)
 .ARM.exidx     0x08007cf4        0x8 /usr/lib/gcc/arm-none-eabi/14.2.1/../../../arm-none-eabi/lib/thumb/v7-m/nofp/libg.a(libc_a-strcmp.o)
 .ARM.exidx     0x08007cfc        0x0 /usr/lib/gcc/arm-none-eabi/14.2.1/../../../arm-none-eabi/lib/thumb/v7-m/nofp/libg.a(libc_a-memcpy.o)
                                  0x8 (size before relaxing)
                0x08007cfc                        _etext = .

.glue_7         0x08007cfc        0x0
 .glue_7        0x08007cfc        0x0 linker stubs

.glue_7t        0x08007cfc        0x0
 .glue_7t       0x08007cfc        0x0 linker stubs

.vfp11_veneer   0x08007cfc        0x0
 .vfp11_veneer  0x08007cfc        0x0 linker stubs

.v4_bx          0x08007cfc        0x0
 .v4_bx         0x08007cfc        0x0 linker stubs

.iplt           0x08007cfc        0x0
 .iplt          0x08007cfc        0x0 /tmp/ccdGTFbH.o

.rel.dyn        0x08007cfc        0x0
 .rel.iplt      0x08007cfc        0x0 /tmp/ccdGTFbH.o

.data           0x20000000      0x6bc load address 0x08007cfc
                0x20000000                        _sdata = .
 *(.data)
 .data          0x20000000        0x2 /tmp/ccdGTFbH.o
                0x20000000                saved_pwm
 *fill*         0x20000002        0x6 
 .data          0x20000008      0x128 /usr/lib/gcc/arm-none-eabi/14.2.1/../../../arm-none-eabi/lib/thumb/v7-m/nofp/libg.a(libc_a-impure.o)
                0x20000008                _impure_ptr
                0x20000010                _impure_data
 .data          0x20000130        0xc /usr/lib/gcc/arm-none-eabi/14.2.1/../../../arm-none-eabi/lib/thumb/v7-m/nofp/libg.a(libc_a-findfp.o)
                0x20000130                __sglue
 *fill*         0x2000013c        0x4 
 .data          0x20000140      0x410 /usr/lib/gcc/arm-none-eabi/14.2.1/../../../arm-none-eabi/lib/thumb/v7-m/nofp/libg.a(libc_a-mallocr.o)
                0x20000140                __malloc_av_
                0x20000548                __malloc_sbrk_base
                0x2000054c                __malloc_trim_threshold
 .data          0x20000550      0x16c /usr/lib/gcc/arm-none-eabi/14.2.1/../../../arm-none-eabi/lib/thumb/v7-m/nofp/libg.a(libc_a-locale.o)
                0x20000550                __global_locale
 *(.data*)
                0x200006bc                        _edata = .

.igot.plt       0x200006bc        0x0 load address 0x080083b8
 .igot.plt      0x200006bc        0x0 /tmp/ccdGTFbH.o

.bss            0x200006bc      0x1b0 load address 0x080083b8
                0x200006bc                        _sbss = .
 *(.bss)
 .bss           0x200006bc       0x38 /tmp/ccdGTFbH.o
                0x200006bc                rx_buffer
                0x200006ee                rx_index
                0x200006ef                cmd_complete
                0x200006f0                led_state
                0x200006f2                current_pwm
 .bss           0x200006f4      0x13c /usr/lib/gcc/arm-none-eabi/14.2.1/../../../arm-none-eabi/lib/thumb/v7-m/nofp/libg.a(libc_a-findfp.o)
                0x200006f4                __sf
                0x2000082c                __stdio_exit_handler
 .bss           0x20000830       0x34 /usr/lib/gcc/arm-none-eabi/14.2.1/../../../arm-none-eabi/lib/thumb/v7-m/nofp/libg.a(libc_a-mallocr.o)
                0x20000830                __malloc_top_pad
                0x20000834                __malloc_current_mallinfo
                0x2000085c                __malloc_max_sbrked_mem
                0x20000860                __malloc_max_total_mem
 .bss           0x20000864        0x4 /usr/lib/gcc/arm-none-eabi/14.2.1/../../../arm-none-eabi/lib/thumb/v7-m/nofp/libg.a(libc_a-reent.o)
                0x20000864                errno
 .bss           0x20000868        0x4 /usr/lib/gcc/arm-none-eabi/14.2.1/../../../arm-none-eabi/lib/thumb/v7-m/nofp/libnosys.a(sbrk.o)
 *(.bss*)
 *(COMMON)
                0x2000086c                        . = ALIGN (0x4)
                0x2000086c                        _ebss = .
                0x20000870                        . = ALIGN (0x8)
                0x20000870                        _end = .
                0x20000870                        PROVIDE (end = .)
OUTPUT(bai5.elf elf32-littlearm)
LOAD linker stubs

.ARM.attributes
                0x00000000       0x29
 .ARM.attributes
                0x00000000       0x1d /usr/lib/gcc/arm-none-eabi/14.2.1/thumb/v7-m/nofp/crti.o
 .ARM.attributes
                0x0000001d       0x2d /tmp/ccdGTFbH.o
 .ARM.attributes
                0x0000004a       0x21 /tmp/ccPCgyhk.o
 .ARM.attributes
                0x0000006b       0x2d /usr/lib/gcc/arm-none-eabi/14.2.1/../../../arm-none-eabi/lib/thumb/v7-m/nofp/libg.a(libc_a-strncmp.o)
 .ARM.attributes
                0x00000098       0x2d /usr/lib/gcc/arm-none-eabi/14.2.1/../../../arm-none-eabi/lib/thumb/v7-m/nofp/libg.a(libc_a-sprintf.o)
 .ARM.attributes
                0x000000c5       0x2d /usr/lib/gcc/arm-none-eabi/14.2.1/../../../arm-none-eabi/lib/thumb/v7-m/nofp/libg.a(libc_a-svfprintf.o)
 .ARM.attributes
                0x000000f2       0x2d /usr/lib/gcc/arm-none-eabi/14.2.1/../../../arm-none-eabi/lib/thumb/v7-m/nofp/libg.a(libc_a-atoi.o)
 .ARM.attributes
                0x0000011f       0x2d /usr/lib/gcc/arm-none-eabi/14.2.1/../../../arm-none-eabi/lib/thumb/v7-m/nofp/libg.a(libc_a-strtol.o)
 .ARM.attributes
                0x0000014c       0x2d /usr/lib/gcc/arm-none-eabi/14.2.1/../../../arm-none-eabi/lib/thumb/v7-m/nofp/libg.a(libc_a-ctype_.o)
 .ARM.attributes
                0x00000179       0x2d /usr/lib/gcc/arm-none-eabi/14.2.1/../../../arm-none-eabi/lib/thumb/v7-m/nofp/libg.a(libc_a-memset.o)
 .ARM.attributes
                0x000001a6       0x2d /usr/lib/gcc/arm-none-eabi/14.2.1/../../../arm-none-eabi/lib/thumb/v7-m/nofp/libg.a(libc_a-impure.o)
 .ARM.attributes
                0x000001d3       0x1b /usr/lib/gcc/arm-none-eabi/14.2.1/../../../arm-none-eabi/lib/thumb/v7-m/nofp/libg.a(libc_a-strcmp.o)
 .ARM.attributes
                0x000001ee       0x2d /usr/lib/gcc/arm-none-eabi/14.2.1/../../../arm-none-eabi/lib/thumb/v7-m/nofp/libg.a(libc_a-ssprint_r.o)
 .ARM.attributes
                0x0000021b       0x2d /usr/lib/gcc/arm-none-eabi/14.2.1/../../../arm-none-eabi/lib/thumb/v7-m/nofp/libg.a(libc_a-findfp.o)
 .ARM.attributes
                0x00000248       0x2d /usr/lib/gcc/arm-none-eabi/14.2.1/../../../arm-none-eabi/lib/thumb/v7-m/nofp/libg.a(libc_a-fwalk.o)
 .ARM.attributes
                0x00000275       0x2d /usr/lib/gcc/arm-none-eabi/14.2.1/../../../arm-none-eabi/lib/thumb/v7-m/nofp/libg.a(libc_a-errno.o)
 .ARM.attributes
                0x000002a2       0x2d /usr/lib/gcc/arm-none-eabi/14.2.1/../../../arm-none-eabi/lib/thumb/v7-m/nofp/libg.a(libc_a-strlen-stub.o)
 .ARM.attributes
                0x000002cf       0x2d /usr/lib/gcc/arm-none-eabi/14.2.1/../../../arm-none-eabi/lib/thumb/v7-m/nofp/libg.a(libc_a-localeconv.o)
 .ARM.attributes
                0x000002fc       0x2d /usr/lib/gcc/arm-none-eabi/14.2.1/../../../arm-none-eabi/lib/thumb/v7-m/nofp/libg.a(libc_a-mallocr.o)
 .ARM.attributes
                0x00000329       0x2d /usr/lib/gcc/arm-none-eabi/14.2.1/../../../arm-none-eabi/lib/thumb/v7-m/nofp/libg.a(libc_a-memchr-stub.o)
 .ARM.attributes
                0x00000356       0x2d /usr/lib/gcc/arm-none-eabi/14.2.1/../../../arm-none-eabi/lib/thumb/v7-m/nofp/libg.a(libc_a-dtoa.o)
 .ARM.attributes
                0x00000383       0x2d /usr/lib/gcc/arm-none-eabi/14.2.1/../../../arm-none-eabi/lib/thumb/v7-m/nofp/libg.a(libc_a-sbrkr.o)
 .ARM.attributes
                0x000003b0       0x2d /usr/lib/gcc/arm-none-eabi/14.2.1/../../../arm-none-eabi/lib/thumb/v7-m/nofp/libg.a(libc_a-freer.o)
 .ARM.attributes
                0x000003dd       0x2d /usr/lib/gcc/arm-none-eabi/14.2.1/../../../arm-none-eabi/lib/thumb/v7-m/nofp/libg.a(libc_a-ssputs_r.o)
 .ARM.attributes
                0x0000040a       0x2d /usr/lib/gcc/arm-none-eabi/14.2.1/../../../arm-none-eabi/lib/thumb/v7-m/nofp/libg.a(libc_a-mlock.o)
 .ARM.attributes
                0x00000437       0x2d /usr/lib/gcc/arm-none-eabi/14.2.1/../../../arm-none-eabi/lib/thumb/v7-m/nofp/libg.a(libc_a-stdio.o)
 .ARM.attributes
                0x00000464       0x1b /usr/lib/gcc/arm-none-eabi/14.2.1/../../../arm-none-eabi/lib/thumb/v7-m/nofp/libg.a(libc_a-memcpy.o)
 .ARM.attributes
                0x0000047f       0x2d /usr/lib/gcc/arm-none-eabi/14.2.1/../../../arm-none-eabi/lib/thumb/v7-m/nofp/libg.a(libc_a-memmove.o)
 .ARM.attributes
                0x000004ac       0x2d /usr/lib/gcc/arm-none-eabi/14.2.1/../../../arm-none-eabi/lib/thumb/v7-m/nofp/libg.a(libc_a-assert.o)
 .ARM.attributes
                0x000004d9       0x2d /usr/lib/gcc/arm-none-eabi/14.2.1/../../../arm-none-eabi/lib/thumb/v7-m/nofp/libg.a(libc_a-reent.o)
 .ARM.attributes
                0x00000506       0x2d /usr/lib/gcc/arm-none-eabi/14.2.1/../../../arm-none-eabi/lib/thumb/v7-m/nofp/libg.a(libc_a-mprec.o)
 .ARM.attributes
                0x00000533       0x2d /usr/lib/gcc/arm-none-eabi/14.2.1/../../../arm-none-eabi/lib/thumb/v7-m/nofp/libg.a(libc_a-fclose.o)
 .ARM.attributes
                0x00000560       0x2d /usr/lib/gcc/arm-none-eabi/14.2.1/../../../arm-none-eabi/lib/thumb/v7-m/nofp/libg.a(libc_a-locale.o)
 .ARM.attributes
                0x0000058d       0x2d /usr/lib/gcc/arm-none-eabi/14.2.1/../../../arm-none-eabi/lib/thumb/v7-m/nofp/libg.a(libc_a-fiprintf.o)
 .ARM.attributes
                0x000005ba       0x2d /usr/lib/gcc/arm-none-eabi/14.2.1/../../../arm-none-eabi/lib/thumb/v7-m/nofp/libg.a(libc_a-readr.o)
 .ARM.attributes
                0x000005e7       0x2d /usr/lib/gcc/arm-none-eabi/14.2.1/../../../arm-none-eabi/lib/thumb/v7-m/nofp/libg.a(libc_a-sysconf.o)
 .ARM.attributes
                0x00000614       0x2d /usr/lib/gcc/arm-none-eabi/14.2.1/../../../arm-none-eabi/lib/thumb/v7-m/nofp/libg.a(libc_a-mbtowc_r.o)
 .ARM.attributes
                0x00000641       0x2d /usr/lib/gcc/arm-none-eabi/14.2.1/../../../arm-none-eabi/lib/thumb/v7-m/nofp/libg.a(libc_a-writer.o)
 .ARM.attributes
                0x0000066e       0x2d /usr/lib/gcc/arm-none-eabi/14.2.1/../../../arm-none-eabi/lib/thumb/v7-m/nofp/libg.a(libc_a-closer.o)
 .ARM.attributes
                0x0000069b       0x2d /usr/lib/gcc/arm-none-eabi/14.2.1/../../../arm-none-eabi/lib/thumb/v7-m/nofp/libg.a(libc_a-abort.o)
 .ARM.attributes
                0x000006c8       0x2d /usr/lib/gcc/arm-none-eabi/14.2.1/../../../arm-none-eabi/lib/thumb/v7-m/nofp/libg.a(libc_a-callocr.o)
 .ARM.attributes
                0x000006f5       0x2d /usr/lib/gcc/arm-none-eabi/14.2.1/../../../arm-none-eabi/lib/thumb/v7-m/nofp/libg.a(libc_a-wctomb_r.o)
 .ARM.attributes
                0x00000722       0x2d /usr/lib/gcc/arm-none-eabi/14.2.1/../../../arm-none-eabi/lib/thumb/v7-m/nofp/libg.a(libc_a-fflush.o)
 .ARM.attributes
                0x0000074f       0x2d /usr/lib/gcc/arm-none-eabi/14.2.1/../../../arm-none-eabi/lib/thumb/v7-m/nofp/libg.a(libc_a-reallocr.o)
 .ARM.attributes
                0x0000077c       0x2d /usr/lib/gcc/arm-none-eabi/14.2.1/../../../arm-none-eabi/lib/thumb/v7-m/nofp/libg.a(libc_a-lseekr.o)
 .ARM.attributes
                0x000007a9       0x2d /usr/lib/gcc/arm-none-eabi/14.2.1/../../../arm-none-eabi/lib/thumb/v7-m/nofp/libg.a(libc_a-signal.o)
 .ARM.attributes
                0x000007d6       0x2d /usr/lib/gcc/arm-none-eabi/14.2.1/../../../arm-none-eabi/lib/thumb/v7-m/nofp/libg.a(libc_a-vfiprintf.o)
 .ARM.attributes
                0x00000803       0x2d /usr/lib/gcc/arm-none-eabi/14.2.1/../../../arm-none-eabi/lib/thumb/v7-m/nofp/libg.a(libc_a-sprint_r.o)
 .ARM.attributes
                0x00000830       0x2d /usr/lib/gcc/arm-none-eabi/14.2.1/../../../arm-none-eabi/lib/thumb/v7-m/nofp/libg.a(libc_a-signalr.o)
 .ARM.attributes
                0x0000085d       0x2d /usr/lib/gcc/arm-none-eabi/14.2.1/../../../arm-none-eabi/lib/thumb/v7-m/nofp/libg.a(libc_a-wsetup.o)
 .ARM.attributes
                0x0000088a       0x2d /usr/lib/gcc/arm-none-eabi/14.2.1/../../../arm-none-eabi/lib/thumb/v7-m/nofp/libg.a(libc_a-fvwrite.o)
 .ARM.attributes
                0x000008b7       0x2d /usr/lib/gcc/arm-none-eabi/14.2.1/../../../arm-none-eabi/lib/thumb/v7-m/nofp/libg.a(libc_a-makebuf.o)
 .ARM.attributes
                0x000008e4       0x2d /usr/lib/gcc/arm-none-eabi/14.2.1/../../../arm-none-eabi/lib/thumb/v7-m/nofp/libg.a(libc_a-fstatr.o)
 .ARM.attributes
                0x00000911       0x2d /usr/lib/gcc/arm-none-eabi/14.2.1/../../../arm-none-eabi/lib/thumb/v7-m/nofp/libg.a(libc_a-isattyr.o)
 .ARM.attributes
                0x0000093e       0x1d /usr/lib/gcc/arm-none-eabi/14.2.1/thumb/v7-m/nofp/libgcc.a(_arm_addsubdf3.o)
 .ARM.attributes
                0x0000095b       0x1d /usr/lib/gcc/arm-none-eabi/14.2.1/thumb/v7-m/nofp/libgcc.a(_arm_muldivdf3.o)
 .ARM.attributes
                0x00000978       0x1d /usr/lib/gcc/arm-none-eabi/14.2.1/thumb/v7-m/nofp/libgcc.a(_arm_cmpdf2.o)
 .ARM.attributes
                0x00000995       0x1d /usr/lib/gcc/arm-none-eabi/14.2.1/thumb/v7-m/nofp/libgcc.a(_arm_unorddf2.o)
 .ARM.attributes
                0x000009b2       0x1d /usr/lib/gcc/arm-none-eabi/14.2.1/thumb/v7-m/nofp/libgcc.a(_arm_fixdfsi.o)
 .ARM.attributes
                0x000009cf       0x2d /usr/lib/gcc/arm-none-eabi/14.2.1/../../../arm-none-eabi/lib/thumb/v7-m/nofp/libnosys.a(close.o)
 .ARM.attributes
                0x000009fc       0x2d /usr/lib/gcc/arm-none-eabi/14.2.1/../../../arm-none-eabi/lib/thumb/v7-m/nofp/libnosys.a(fstat.o)
 .ARM.attributes
                0x00000a29       0x2d /usr/lib/gcc/arm-none-eabi/14.2.1/../../../arm-none-eabi/lib/thumb/v7-m/nofp/libnosys.a(getpid.o)
 .ARM.attributes
                0x00000a56       0x2d /usr/lib/gcc/arm-none-eabi/14.2.1/../../../arm-none-eabi/lib/thumb/v7-m/nofp/libnosys.a(isatty.o)
 .ARM.attributes
                0x00000a83       0x2d /usr/lib/gcc/arm-none-eabi/14.2.1/../../../arm-none-eabi/lib/thumb/v7-m/nofp/libnosys.a(kill.o)
 .ARM.attributes
                0x00000ab0       0x2d /usr/lib/gcc/arm-none-eabi/14.2.1/../../../arm-none-eabi/lib/thumb/v7-m/nofp/libnosys.a(lseek.o)
 .ARM.attributes
                0x00000add       0x2d /usr/lib/gcc/arm-none-eabi/14.2.1/../../../arm-none-eabi/lib/thumb/v7-m/nofp/libnosys.a(read.o)
 .ARM.attributes
                0x00000b0a       0x2d /usr/lib/gcc/arm-none-eabi/14.2.1/../../../arm-none-eabi/lib/thumb/v7-m/nofp/libnosys.a(sbrk.o)
 .ARM.attributes
                0x00000b37       0x2d /usr/lib/gcc/arm-none-eabi/14.2.1/../../../arm-none-eabi/lib/thumb/v7-m/nofp/libnosys.a(_exit.o)
 .ARM.attributes
                0x00000b64       0x1d /usr/lib/gcc/arm-none-eabi/14.2.1/thumb/v7-m/nofp/crtn.o

.comment        0x00000000       0x26
 .comment       0x00000000       0x26 /tmp/ccdGTFbH.o
                                 0x27 (size before relaxing)
 .comment       0x00000026        0x0 /usr/lib/gcc/arm-none-eabi/14.2.1/../../../arm-none-eabi/lib/thumb/v7-m/nofp/libg.a(libc_a-strncmp.o)
                                 0x27 (size before relaxing)
 .comment       0x00000026        0x0 /usr/lib/gcc/arm-none-eabi/14.2.1/../../../arm-none-eabi/lib/thumb/v7-m/nofp/libg.a(libc_a-sprintf.o)
                                 0x27 (size before relaxing)
 .comment       0x00000026        0x0 /usr/lib/gcc/arm-none-eabi/14.2.1/../../../arm-none-eabi/lib/thumb/v7-m/nofp/libg.a(libc_a-svfprintf.o)
                                 0x27 (size before relaxing)
 .comment       0x00000026        0x0 /usr/lib/gcc/arm-none-eabi/14.2.1/../../../arm-none-eabi/lib/thumb/v7-m/nofp/libg.a(libc_a-atoi.o)
                                 0x27 (size before relaxing)
 .comment       0x00000026        0x0 /usr/lib/gcc/arm-none-eabi/14.2.1/../../../arm-none-eabi/lib/thumb/v7-m/nofp/libg.a(libc_a-strtol.o)
                                 0x27 (size before relaxing)
 .comment       0x00000026        0x0 /usr/lib/gcc/arm-none-eabi/14.2.1/../../../arm-none-eabi/lib/thumb/v7-m/nofp/libg.a(libc_a-ctype_.o)
                                 0x27 (size before relaxing)
 .comment       0x00000026        0x0 /usr/lib/gcc/arm-none-eabi/14.2.1/../../../arm-none-eabi/lib/thumb/v7-m/nofp/libg.a(libc_a-memset.o)
                                 0x27 (size before relaxing)
 .comment       0x00000026        0x0 /usr/lib/gcc/arm-none-eabi/14.2.1/../../../arm-none-eabi/lib/thumb/v7-m/nofp/libg.a(libc_a-impure.o)
                                 0x27 (size before relaxing)
 .comment       0x00000026        0x0 /usr/lib/gcc/arm-none-eabi/14.2.1/../../../arm-none-eabi/lib/thumb/v7-m/nofp/libg.a(libc_a-ssprint_r.o)
                                 0x27 (size before relaxing)
 .comment       0x00000026        0x0 /usr/lib/gcc/arm-none-eabi/14.2.1/../../../arm-none-eabi/lib/thumb/v7-m/nofp/libg.a(libc_a-findfp.o)
                                 0x27 (size before relaxing)
 .comment       0x00000026        0x0 /usr/lib/gcc/arm-none-eabi/14.2.1/../../../arm-none-eabi/lib/thumb/v7-m/nofp/libg.a(libc_a-fwalk.o)
                                 0x27 (size before relaxing)
 .comment       0x00000026        0x0 /usr/lib/gcc/arm-none-eabi/14.2.1/../../../arm-none-eabi/lib/thumb/v7-m/nofp/libg.a(libc_a-errno.o)
                                 0x27 (size before relaxing)
 .comment       0x00000026        0x0 /usr/lib/gcc/arm-none-eabi/14.2.1/../../../arm-none-eabi/lib/thumb/v7-m/nofp/libg.a(libc_a-strlen-stub.o)
                                 0x27 (size before relaxing)
 .comment       0x00000026        0x0 /usr/lib/gcc/arm-none-eabi/14.2.1/../../../arm-none-eabi/lib/thumb/v7-m/nofp/libg.a(libc_a-localeconv.o)
                                 0x27 (size before relaxing)
 .comment       0x00000026        0x0 /usr/lib/gcc/arm-none-eabi/14.2.1/../../../arm-none-eabi/lib/thumb/v7-m/nofp/libg.a(libc_a-mallocr.o)
                                 0x27 (size before relaxing)
 .comment       0x00000026        0x0 /usr/lib/gcc/arm-none-eabi/14.2.1/../../../arm-none-eabi/lib/thumb/v7-m/nofp/libg.a(libc_a-memchr-stub.o)
                                 0x27 (size before relaxing)
 .comment       0x00000026        0x0 /usr/lib/gcc/arm-none-eabi/14.2.1/../../../arm-none-eabi/lib/thumb/v7-m/nofp/libg.a(libc_a-dtoa.o)
                                 0x27 (size before relaxing)
 .comment       0x00000026        0x0 /usr/lib/gcc/arm-none-eabi/14.2.1/../../../arm-none-eabi/lib/thumb/v7-m/nofp/libg.a(libc_a-sbrkr.o)
                                 0x27 (size before relaxing)
 .comment       0x00000026        0x0 /usr/lib/gcc/arm-none-eabi/14.2.1/../../../arm-none-eabi/lib/thumb/v7-m/nofp/libg.a(libc_a-freer.o)
                                 0x27 (size before relaxing)
 .comment       0x00000026        0x0 /usr/lib/gcc/arm-none-eabi/14.2.1/../../../arm-none-eabi/lib/thumb/v7-m/nofp/libg.a(libc_a-ssputs_r.o)
                                 0x27 (size before relaxing)
 .comment       0x00000026        0x0 /usr/lib/gcc/arm-none-eabi/14.2.1/../../../arm-none-eabi/lib/thumb/v7-m/nofp/libg.a(libc_a-mlock.o)
                                 0x27 (size before relaxing)
 .comment       0x00000026        0x0 /usr/lib/gcc/arm-none-eabi/14.2.1/../../../arm-none-eabi/lib/thumb/v7-m/nofp/libg.a(libc_a-stdio.o)
                                 0x27 (size before relaxing)
 .comment       0x00000026        0x0 /usr/lib/gcc/arm-none-eabi/14.2.1/../../../arm-none-eabi/lib/thumb/v7-m/nofp/libg.a(libc_a-memmove.o)
                                 0x27 (size before relaxing)
 .comment       0x00000026        0x0 /usr/lib/gcc/arm-none-eabi/14.2.1/../../../arm-none-eabi/lib/thumb/v7-m/nofp/libg.a(libc_a-assert.o)
                                 0x27 (size before relaxing)
 .comment       0x00000026        0x0 /usr/lib/gcc/arm-none-eabi/14.2.1/../../../arm-none-eabi/lib/thumb/v7-m/nofp/libg.a(libc_a-reent.o)
                                 0x27 (size before relaxing)
 .comment       0x00000026        0x0 /usr/lib/gcc/arm-none-eabi/14.2.1/../../../arm-none-eabi/lib/thumb/v7-m/nofp/libg.a(libc_a-mprec.o)
                                 0x27 (size before relaxing)
 .comment       0x00000026        0x0 /usr/lib/gcc/arm-none-eabi/14.2.1/../../../arm-none-eabi/lib/thumb/v7-m/nofp/libg.a(libc_a-fclose.o)
                                 0x27 (size before relaxing)
 .comment       0x00000026        0x0 /usr/lib/gcc/arm-none-eabi/14.2.1/../../../arm-none-eabi/lib/thumb/v7-m/nofp/libg.a(libc_a-locale.o)
                                 0x27 (size before relaxing)
 .comment       0x00000026        0x0 /usr/lib/gcc/arm-none-eabi/14.2.1/../../../arm-none-eabi/lib/thumb/v7-m/nofp/libg.a(libc_a-fiprintf.o)
                                 0x27 (size before relaxing)
 .comment       0x00000026        0x0 /usr/lib/gcc/arm-none-eabi/14.2.1/../../../arm-none-eabi/lib/thumb/v7-m/nofp/libg.a(libc_a-readr.o)
                                 0x27 (size before relaxing)
 .comment       0x00000026        0x0 /usr/lib/gcc/arm-none-eabi/14.2.1/../../../arm-none-eabi/lib/thumb/v7-m/nofp/libg.a(libc_a-sysconf.o)
                                 0x27 (size before relaxing)
 .comment       0x00000026        0x0 /usr/lib/gcc/arm-none-eabi/14.2.1/../../../arm-none-eabi/lib/thumb/v7-m/nofp/libg.a(libc_a-mbtowc_r.o)
                                 0x27 (size before relaxing)
 .comment       0x00000026        0x0 /usr/lib/gcc/arm-none-eabi/14.2.1/../../../arm-none-eabi/lib/thumb/v7-m/nofp/libg.a(libc_a-writer.o)
                                 0x27 (size before relaxing)
 .comment       0x00000026        0x0 /usr/lib/gcc/arm-none-eabi/14.2.1/../../../arm-none-eabi/lib/thumb/v7-m/nofp/libg.a(libc_a-closer.o)
                                 0x27 (size before relaxing)
 .comment       0x00000026        0x0 /usr/lib/gcc/arm-none-eabi/14.2.1/../../../arm-none-eabi/lib/thumb/v7-m/nofp/libg.a(libc_a-abort.o)
                                 0x27 (size before relaxing)
 .comment       0x00000026        0x0 /usr/lib/gcc/arm-none-eabi/14.2.1/../../../arm-none-eabi/lib/thumb/v7-m/nofp/libg.a(libc_a-callocr.o)
                                 0x27 (size before relaxing)
 .comment       0x00000026        0x0 /usr/lib/gcc/arm-none-eabi/14.2.1/../../../arm-none-eabi/lib/thumb/v7-m/nofp/libg.a(libc_a-wctomb_r.o)
                                 0x27 (size before relaxing)
 .comment       0x00000026        0x0 /usr/lib/gcc/arm-none-eabi/14.2.1/../../../arm-none-eabi/lib/thumb/v7-m/nofp/libg.a(libc_a-fflush.o)
                                 0x27 (size before relaxing)
 .comment       0x00000026        0x0 /usr/lib/gcc/arm-none-eabi/14.2.1/../../../arm-none-eabi/lib/thumb/v7-m/nofp/libg.a(libc_a-reallocr.o)
                                 0x27 (size before relaxing)
 .comment       0x00000026        0x0 /usr/lib/gcc/arm-none-eabi/14.2.1/../../../arm-none-eabi/lib/thumb/v7-m/nofp/libg.a(libc_a-lseekr.o)
                                 0x27 (size before relaxing)
 .comment       0x00000026        0x0 /usr/lib/gcc/arm-none-eabi/14.2.1/../../../arm-none-eabi/lib/thumb/v7-m/nofp/libg.a(libc_a-signal.o)
                                 0x27 (size before relaxing)
 .comment       0x00000026        0x0 /usr/lib/gcc/arm-none-eabi/14.2.1/../../../arm-none-eabi/lib/thumb/v7-m/nofp/libg.a(libc_a-vfiprintf.o)
                                 0x27 (size before relaxing)
 .comment       0x00000026        0x0 /usr/lib/gcc/arm-none-eabi/14.2.1/../../../arm-none-eabi/lib/thumb/v7-m/nofp/libg.a(libc_a-sprint_r.o)
                                 0x27 (size before relaxing)
 .comment       0x00000026        0x0 /usr/lib/gcc/arm-none-eabi/14.2.1/../../../arm-none-eabi/lib/thumb/v7-m/nofp/libg.a(libc_a-signalr.o)
                                 0x27 (size before relaxing)
 .comment       0x00000026        0x0 /usr/lib/gcc/arm-none-eabi/14.2.1/../../../arm-none-eabi/lib/thumb/v7-m/nofp/libg.a(libc_a-wsetup.o)
                                 0x27 (size before relaxing)
 .comment       0x00000026        0x0 /usr/lib/gcc/arm-none-eabi/14.2.1/../../../arm-none-eabi/lib/thumb/v7-m/nofp/libg.a(libc_a-fvwrite.o)
                                 0x27 (size before relaxing)
 .comment       0x00000026        0x0 /usr/lib/gcc/arm-none-eabi/14.2.1/../../../arm-none-eabi/lib/thumb/v7-m/nofp/libg.a(libc_a-makebuf.o)
                                 0x27 (size before relaxing)
 .comment       0x00000026        0x0 /usr/lib/gcc/arm-none-eabi/14.2.1/../../../arm-none-eabi/lib/thumb/v7-m/nofp/libg.a(libc_a-fstatr.o)
                                 0x27 (size before relaxing)
 .comment       0x00000026        0x0 /usr/lib/gcc/arm-none-eabi/14.2.1/../../../arm-none-eabi/lib/thumb/v7-m/nofp/libg.a(libc_a-isattyr.o)
                                 0x27 (size before relaxing)
 .comment       0x00000026        0x0 /usr/lib/gcc/arm-none-eabi/14.2.1/../../../arm-none-eabi/lib/thumb/v7-m/nofp/libnosys.a(close.o)
                                 0x27 (size before relaxing)
 .comment       0x00000026        0x0 /usr/lib/gcc/arm-none-eabi/14.2.1/../../../arm-none-eabi/lib/thumb/v7-m/nofp/libnosys.a(fstat.o)
                                 0x27 (size before relaxing)
 .comment       0x00000026        0x0 /usr/lib/gcc/arm-none-eabi/14.2.1/../../../arm-none-eabi/lib/thumb/v7-m/nofp/libnosys.a(getpid.o)
                                 0x27 (size before relaxing)
 .comment       0x00000026        0x0 /usr/lib/gcc/arm-none-eabi/14.2.1/../../../arm-none-eabi/lib/thumb/v7-m/nofp/libnosys.a(isatty.o)
                                 0x27 (size before relaxing)
 .comment       0x00000026        0x0 /usr/lib/gcc/arm-none-eabi/14.2.1/../../../arm-none-eabi/lib/thumb/v7-m/nofp/libnosys.a(kill.o)
                                 0x27 (size before relaxing)
 .comment       0x00000026        0x0 /usr/lib/gcc/arm-none-eabi/14.2.1/../../../arm-none-eabi/lib/thumb/v7-m/nofp/libnosys.a(lseek.o)
                                 0x27 (size before relaxing)
 .comment       0x00000026        0x0 /usr/lib/gcc/arm-none-eabi/14.2.1/../../../arm-none-eabi/lib/thumb/v7-m/nofp/libnosys.a(read.o)
                                 0x27 (size before relaxing)
 .comment       0x00000026        0x0 /usr/lib/gcc/arm-none-eabi/14.2.1/../../../arm-none-eabi/lib/thumb/v7-m/nofp/libnosys.a(sbrk.o)
                                 0x27 (size before relaxing)
 .comment       0x00000026        0x0 /usr/lib/gcc/arm-none-eabi/14.2.1/../../../arm-none-eabi/lib/thumb/v7-m/nofp/libnosys.a(_exit.o)
                                 0x27 (size before relaxing)

.debug_info     0x00000000    0x1d9ce
 .debug_info    0x00000000      0x6bf /tmp/ccdGTFbH.o
 .debug_info    0x000006bf       0x23 /tmp/ccPCgyhk.o
 .debug_info    0x000006e2      0x108 /usr/lib/gcc/arm-none-eabi/14.2.1/../../../arm-none-eabi/lib/thumb/v7-m/nofp/libg.a(libc_a-strncmp.o)
 .debug_info    0x000007ea      0x899 /usr/lib/gcc/arm-none-eabi/14.2.1/../../../arm-none-eabi/lib/thumb/v7-m/nofp/libg.a(libc_a-sprintf.o)
 .debug_info    0x00001083     0x17a3 /usr/lib/gcc/arm-none-eabi/14.2.1/../../../arm-none-eabi/lib/thumb/v7-m/nofp/libg.a(libc_a-svfprintf.o)
 .debug_info    0x00002826      0x7ed /usr/lib/gcc/arm-none-eabi/14.2.1/../../../arm-none-eabi/lib/thumb/v7-m/nofp/libg.a(libc_a-atoi.o)
 .debug_info    0x00003013      0xd95 /usr/lib/gcc/arm-none-eabi/14.2.1/../../../arm-none-eabi/lib/thumb/v7-m/nofp/libg.a(libc_a-strtol.o)
 .debug_info    0x00003da8       0xb9 /usr/lib/gcc/arm-none-eabi/14.2.1/../../../arm-none-eabi/lib/thumb/v7-m/nofp/libg.a(libc_a-ctype_.o)
 .debug_info    0x00003e61      0x135 /usr/lib/gcc/arm-none-eabi/14.2.1/../../../arm-none-eabi/lib/thumb/v7-m/nofp/libg.a(libc_a-memset.o)
 .debug_info    0x00003f96      0x729 /usr/lib/gcc/arm-none-eabi/14.2.1/../../../arm-none-eabi/lib/thumb/v7-m/nofp/libg.a(libc_a-impure.o)
 .debug_info    0x000046bf       0x33 /usr/lib/gcc/arm-none-eabi/14.2.1/../../../arm-none-eabi/lib/thumb/v7-m/nofp/libg.a(libc_a-strcmp.o)
 .debug_info    0x000046f2      0x840 /usr/lib/gcc/arm-none-eabi/14.2.1/../../../arm-none-eabi/lib/thumb/v7-m/nofp/libg.a(libc_a-ssprint_r.o)
 .debug_info    0x00004f32      0xea8 /usr/lib/gcc/arm-none-eabi/14.2.1/../../../arm-none-eabi/lib/thumb/v7-m/nofp/libg.a(libc_a-findfp.o)
 .debug_info    0x00005dda      0x7e4 /usr/lib/gcc/arm-none-eabi/14.2.1/../../../arm-none-eabi/lib/thumb/v7-m/nofp/libg.a(libc_a-fwalk.o)
 .debug_info    0x000065be      0x70f /usr/lib/gcc/arm-none-eabi/14.2.1/../../../arm-none-eabi/lib/thumb/v7-m/nofp/libg.a(libc_a-errno.o)
 .debug_info    0x00006ccd       0xbd /usr/lib/gcc/arm-none-eabi/14.2.1/../../../arm-none-eabi/lib/thumb/v7-m/nofp/libg.a(libc_a-strlen-stub.o)
 .debug_info    0x00006d8a      0xa2c /usr/lib/gcc/arm-none-eabi/14.2.1/../../../arm-none-eabi/lib/thumb/v7-m/nofp/libg.a(libc_a-localeconv.o)
 .debug_info    0x000077b6      0xcd9 /usr/lib/gcc/arm-none-eabi/14.2.1/../../../arm-none-eabi/lib/thumb/v7-m/nofp/libg.a(libc_a-mallocr.o)
 .debug_info    0x0000848f      0x144 /usr/lib/gcc/arm-none-eabi/14.2.1/../../../arm-none-eabi/lib/thumb/v7-m/nofp/libg.a(libc_a-memchr-stub.o)
 .debug_info    0x000085d3     0x19c3 /usr/lib/gcc/arm-none-eabi/14.2.1/../../../arm-none-eabi/lib/thumb/v7-m/nofp/libg.a(libc_a-dtoa.o)
 .debug_info    0x00009f96      0x796 /usr/lib/gcc/arm-none-eabi/14.2.1/../../../arm-none-eabi/lib/thumb/v7-m/nofp/libg.a(libc_a-sbrkr.o)
 .debug_info    0x0000a72c      0xb55 /usr/lib/gcc/arm-none-eabi/14.2.1/../../../arm-none-eabi/lib/thumb/v7-m/nofp/libg.a(libc_a-freer.o)
 .debug_info    0x0000b281      0x8c2 /usr/lib/gcc/arm-none-eabi/14.2.1/../../../arm-none-eabi/lib/thumb/v7-m/nofp/libg.a(libc_a-ssputs_r.o)
 .debug_info    0x0000bb43      0x73a /usr/lib/gcc/arm-none-eabi/14.2.1/../../../arm-none-eabi/lib/thumb/v7-m/nofp/libg.a(libc_a-mlock.o)
 .debug_info    0x0000c27d      0xa9e /usr/lib/gcc/arm-none-eabi/14.2.1/../../../arm-none-eabi/lib/thumb/v7-m/nofp/libg.a(libc_a-stdio.o)
 .debug_info    0x0000cd1b       0x33 /usr/lib/gcc/arm-none-eabi/14.2.1/../../../arm-none-eabi/lib/thumb/v7-m/nofp/libg.a(libc_a-memcpy.o)
 .debug_info    0x0000cd4e      0x148 /usr/lib/gcc/arm-none-eabi/14.2.1/../../../arm-none-eabi/lib/thumb/v7-m/nofp/libg.a(libc_a-memmove.o)
 .debug_info    0x0000ce96      0x843 /usr/lib/gcc/arm-none-eabi/14.2.1/../../../arm-none-eabi/lib/thumb/v7-m/nofp/libg.a(libc_a-assert.o)
 .debug_info    0x0000d6d9      0x831 /usr/lib/gcc/arm-none-eabi/14.2.1/../../../arm-none-eabi/lib/thumb/v7-m/nofp/libg.a(libc_a-reent.o)
 .debug_info    0x0000df0a     0x1e2d /usr/lib/gcc/arm-none-eabi/14.2.1/../../../arm-none-eabi/lib/thumb/v7-m/nofp/libg.a(libc_a-mprec.o)
 .debug_info    0x0000fd37      0x8f3 /usr/lib/gcc/arm-none-eabi/14.2.1/../../../arm-none-eabi/lib/thumb/v7-m/nofp/libg.a(libc_a-fclose.o)
 .debug_info    0x0001062a      0xbd7 /usr/lib/gcc/arm-none-eabi/14.2.1/../../../arm-none-eabi/lib/thumb/v7-m/nofp/libg.a(libc_a-locale.o)
 .debug_info    0x00011201      0x872 /usr/lib/gcc/arm-none-eabi/14.2.1/../../../arm-none-eabi/lib/thumb/v7-m/nofp/libg.a(libc_a-fiprintf.o)
 .debug_info    0x00011a73      0x7d3 /usr/lib/gcc/arm-none-eabi/14.2.1/../../../arm-none-eabi/lib/thumb/v7-m/nofp/libg.a(libc_a-readr.o)
 .debug_info    0x00012246       0xc1 /usr/lib/gcc/arm-none-eabi/14.2.1/../../../arm-none-eabi/lib/thumb/v7-m/nofp/libg.a(libc_a-sysconf.o)
 .debug_info    0x00012307      0xace /usr/lib/gcc/arm-none-eabi/14.2.1/../../../arm-none-eabi/lib/thumb/v7-m/nofp/libg.a(libc_a-mbtowc_r.o)
 .debug_info    0x00012dd5      0x7d9 /usr/lib/gcc/arm-none-eabi/14.2.1/../../../arm-none-eabi/lib/thumb/v7-m/nofp/libg.a(libc_a-writer.o)
 .debug_info    0x000135ae      0x771 /usr/lib/gcc/arm-none-eabi/14.2.1/../../../arm-none-eabi/lib/thumb/v7-m/nofp/libg.a(libc_a-closer.o)
 .debug_info    0x00013d1f       0xd8 /usr/lib/gcc/arm-none-eabi/14.2.1/../../../arm-none-eabi/lib/thumb/v7-m/nofp/libg.a(libc_a-abort.o)
 .debug_info    0x00013df7      0x8d9 /usr/lib/gcc/arm-none-eabi/14.2.1/../../../arm-none-eabi/lib/thumb/v7-m/nofp/libg.a(libc_a-callocr.o)
 .debug_info    0x000146d0      0xa8e /usr/lib/gcc/arm-none-eabi/14.2.1/../../../arm-none-eabi/lib/thumb/v7-m/nofp/libg.a(libc_a-wctomb_r.o)
 .debug_info    0x0001515e      0xa4c /usr/lib/gcc/arm-none-eabi/14.2.1/../../../arm-none-eabi/lib/thumb/v7-m/nofp/libg.a(libc_a-fflush.o)
 .debug_info    0x00015baa      0xbc9 /usr/lib/gcc/arm-none-eabi/14.2.1/../../../arm-none-eabi/lib/thumb/v7-m/nofp/libg.a(libc_a-reallocr.o)
 .debug_info    0x00016773      0x7bc /usr/lib/gcc/arm-none-eabi/14.2.1/../../../arm-none-eabi/lib/thumb/v7-m/nofp/libg.a(libc_a-lseekr.o)
 .debug_info    0x00016f2f      0xc57 /usr/lib/gcc/arm-none-eabi/14.2.1/../../../arm-none-eabi/lib/thumb/v7-m/nofp/libg.a(libc_a-signal.o)
 .debug_info    0x00017b86     0x11f6 /usr/lib/gcc/arm-none-eabi/14.2.1/../../../arm-none-eabi/lib/thumb/v7-m/nofp/libg.a(libc_a-vfiprintf.o)
 .debug_info    0x00018d7c      0x7ff /usr/lib/gcc/arm-none-eabi/14.2.1/../../../arm-none-eabi/lib/thumb/v7-m/nofp/libg.a(libc_a-sprint_r.o)
 .debug_info    0x0001957b      0x7fe /usr/lib/gcc/arm-none-eabi/14.2.1/../../../arm-none-eabi/lib/thumb/v7-m/nofp/libg.a(libc_a-signalr.o)
 .debug_info    0x00019d79      0x7cf /usr/lib/gcc/arm-none-eabi/14.2.1/../../../arm-none-eabi/lib/thumb/v7-m/nofp/libg.a(libc_a-wsetup.o)
 .debug_info    0x0001a548      0xb39 /usr/lib/gcc/arm-none-eabi/14.2.1/../../../arm-none-eabi/lib/thumb/v7-m/nofp/libg.a(libc_a-fvwrite.o)
 .debug_info    0x0001b081      0xc08 /usr/lib/gcc/arm-none-eabi/14.2.1/../../../arm-none-eabi/lib/thumb/v7-m/nofp/libg.a(libc_a-makebuf.o)
 .debug_info    0x0001bc89      0x995 /usr/lib/gcc/arm-none-eabi/14.2.1/../../../arm-none-eabi/lib/thumb/v7-m/nofp/libg.a(libc_a-fstatr.o)
 .debug_info    0x0001c61e      0x771 /usr/lib/gcc/arm-none-eabi/14.2.1/../../../arm-none-eabi/lib/thumb/v7-m/nofp/libg.a(libc_a-isattyr.o)
 .debug_info    0x0001cd8f       0xd3 /usr/lib/gcc/arm-none-eabi/14.2.1/thumb/v7-m/nofp/libgcc.a(_arm_addsubdf3.o)
 .debug_info    0x0001ce62       0x57 /usr/lib/gcc/arm-none-eabi/14.2.1/thumb/v7-m/nofp/libgcc.a(_arm_muldivdf3.o)
 .debug_info    0x0001ceb9       0xdf /usr/lib/gcc/arm-none-eabi/14.2.1/thumb/v7-m/nofp/libgcc.a(_arm_cmpdf2.o)
 .debug_info    0x0001cf98       0x3c /usr/lib/gcc/arm-none-eabi/14.2.1/thumb/v7-m/nofp/libgcc.a(_arm_unorddf2.o)
 .debug_info    0x0001cfd4       0x3c /usr/lib/gcc/arm-none-eabi/14.2.1/thumb/v7-m/nofp/libgcc.a(_arm_fixdfsi.o)
 .debug_info    0x0001d010       0xde /usr/lib/gcc/arm-none-eabi/14.2.1/../../../arm-none-eabi/lib/thumb/v7-m/nofp/libnosys.a(close.o)
 .debug_info    0x0001d0ee      0x2f7 /usr/lib/gcc/arm-none-eabi/14.2.1/../../../arm-none-eabi/lib/thumb/v7-m/nofp/libnosys.a(fstat.o)
 .debug_info    0x0001d3e5       0xc9 /usr/lib/gcc/arm-none-eabi/14.2.1/../../../arm-none-eabi/lib/thumb/v7-m/nofp/libnosys.a(getpid.o)
 .debug_info    0x0001d4ae       0xde /usr/lib/gcc/arm-none-eabi/14.2.1/../../../arm-none-eabi/lib/thumb/v7-m/nofp/libnosys.a(isatty.o)
 .debug_info    0x0001d58c       0xec /usr/lib/gcc/arm-none-eabi/14.2.1/../../../arm-none-eabi/lib/thumb/v7-m/nofp/libnosys.a(kill.o)
 .debug_info    0x0001d678      0x100 /usr/lib/gcc/arm-none-eabi/14.2.1/../../../arm-none-eabi/lib/thumb/v7-m/nofp/libnosys.a(lseek.o)
 .debug_info    0x0001d778      0x106 /usr/lib/gcc/arm-none-eabi/14.2.1/../../../arm-none-eabi/lib/thumb/v7-m/nofp/libnosys.a(read.o)
 .debug_info    0x0001d87e       0xac /usr/lib/gcc/arm-none-eabi/14.2.1/../../../arm-none-eabi/lib/thumb/v7-m/nofp/libnosys.a(sbrk.o)
 .debug_info    0x0001d92a       0xa4 /usr/lib/gcc/arm-none-eabi/14.2.1/../../../arm-none-eabi/lib/thumb/v7-m/nofp/libnosys.a(_exit.o)

.debug_abbrev   0x00000000     0x745a
 .debug_abbrev  0x00000000      0x238 /tmp/ccdGTFbH.o
 .debug_abbrev  0x00000238       0x12 /tmp/ccPCgyhk.o
 .debug_abbrev  0x0000024a       0x92 /usr/lib/gcc/arm-none-eabi/14.2.1/../../../arm-none-eabi/lib/thumb/v7-m/nofp/libg.a(libc_a-strncmp.o)
 .debug_abbrev  0x000002dc      0x258 /usr/lib/gcc/arm-none-eabi/14.2.1/../../../arm-none-eabi/lib/thumb/v7-m/nofp/libg.a(libc_a-sprintf.o)
 .debug_abbrev  0x00000534      0x402 /usr/lib/gcc/arm-none-eabi/14.2.1/../../../arm-none-eabi/lib/thumb/v7-m/nofp/libg.a(libc_a-svfprintf.o)
 .debug_abbrev  0x00000936      0x1ee /usr/lib/gcc/arm-none-eabi/14.2.1/../../../arm-none-eabi/lib/thumb/v7-m/nofp/libg.a(libc_a-atoi.o)
 .debug_abbrev  0x00000b24      0x326 /usr/lib/gcc/arm-none-eabi/14.2.1/../../../arm-none-eabi/lib/thumb/v7-m/nofp/libg.a(libc_a-strtol.o)
 .debug_abbrev  0x00000e4a       0x62 /usr/lib/gcc/arm-none-eabi/14.2.1/../../../arm-none-eabi/lib/thumb/v7-m/nofp/libg.a(libc_a-ctype_.o)
 .debug_abbrev  0x00000eac       0xb7 /usr/lib/gcc/arm-none-eabi/14.2.1/../../../arm-none-eabi/lib/thumb/v7-m/nofp/libg.a(libc_a-memset.o)
 .debug_abbrev  0x00000f63      0x185 /usr/lib/gcc/arm-none-eabi/14.2.1/../../../arm-none-eabi/lib/thumb/v7-m/nofp/libg.a(libc_a-impure.o)
 .debug_abbrev  0x000010e8       0x28 /usr/lib/gcc/arm-none-eabi/14.2.1/../../../arm-none-eabi/lib/thumb/v7-m/nofp/libg.a(libc_a-strcmp.o)
 .debug_abbrev  0x00001110      0x1e0 /usr/lib/gcc/arm-none-eabi/14.2.1/../../../arm-none-eabi/lib/thumb/v7-m/nofp/libg.a(libc_a-ssprint_r.o)
 .debug_abbrev  0x000012f0      0x446 /usr/lib/gcc/arm-none-eabi/14.2.1/../../../arm-none-eabi/lib/thumb/v7-m/nofp/libg.a(libc_a-findfp.o)
 .debug_abbrev  0x00001736      0x1d9 /usr/lib/gcc/arm-none-eabi/14.2.1/../../../arm-none-eabi/lib/thumb/v7-m/nofp/libg.a(libc_a-fwalk.o)
 .debug_abbrev  0x0000190f      0x19a /usr/lib/gcc/arm-none-eabi/14.2.1/../../../arm-none-eabi/lib/thumb/v7-m/nofp/libg.a(libc_a-errno.o)
 .debug_abbrev  0x00001aa9       0x78 /usr/lib/gcc/arm-none-eabi/14.2.1/../../../arm-none-eabi/lib/thumb/v7-m/nofp/libg.a(libc_a-strlen-stub.o)
 .debug_abbrev  0x00001b21      0x26a /usr/lib/gcc/arm-none-eabi/14.2.1/../../../arm-none-eabi/lib/thumb/v7-m/nofp/libg.a(libc_a-localeconv.o)
 .debug_abbrev  0x00001d8b      0x2d7 /usr/lib/gcc/arm-none-eabi/14.2.1/../../../arm-none-eabi/lib/thumb/v7-m/nofp/libg.a(libc_a-mallocr.o)
 .debug_abbrev  0x00002062       0xd8 /usr/lib/gcc/arm-none-eabi/14.2.1/../../../arm-none-eabi/lib/thumb/v7-m/nofp/libg.a(libc_a-memchr-stub.o)
 .debug_abbrev  0x0000213a      0x364 /usr/lib/gcc/arm-none-eabi/14.2.1/../../../arm-none-eabi/lib/thumb/v7-m/nofp/libg.a(libc_a-dtoa.o)
 .debug_abbrev  0x0000249e      0x216 /usr/lib/gcc/arm-none-eabi/14.2.1/../../../arm-none-eabi/lib/thumb/v7-m/nofp/libg.a(libc_a-sbrkr.o)
 .debug_abbrev  0x000026b4      0x27f /usr/lib/gcc/arm-none-eabi/14.2.1/../../../arm-none-eabi/lib/thumb/v7-m/nofp/libg.a(libc_a-freer.o)
 .debug_abbrev  0x00002933      0x25a /usr/lib/gcc/arm-none-eabi/14.2.1/../../../arm-none-eabi/lib/thumb/v7-m/nofp/libg.a(libc_a-ssputs_r.o)
 .debug_abbrev  0x00002b8d      0x1ce /usr/lib/gcc/arm-none-eabi/14.2.1/../../../arm-none-eabi/lib/thumb/v7-m/nofp/libg.a(libc_a-mlock.o)
 .debug_abbrev  0x00002d5b      0x260 /usr/lib/gcc/arm-none-eabi/14.2.1/../../../arm-none-eabi/lib/thumb/v7-m/nofp/libg.a(libc_a-stdio.o)
 .debug_abbrev  0x00002fbb       0x28 /usr/lib/gcc/arm-none-eabi/14.2.1/../../../arm-none-eabi/lib/thumb/v7-m/nofp/libg.a(libc_a-memcpy.o)
 .debug_abbrev  0x00002fe3       0xc3 /usr/lib/gcc/arm-none-eabi/14.2.1/../../../arm-none-eabi/lib/thumb/v7-m/nofp/libg.a(libc_a-memmove.o)
 .debug_abbrev  0x000030a6      0x226 /usr/lib/gcc/arm-none-eabi/14.2.1/../../../arm-none-eabi/lib/thumb/v7-m/nofp/libg.a(libc_a-assert.o)
 .debug_abbrev  0x000032cc      0x22a /usr/lib/gcc/arm-none-eabi/14.2.1/../../../arm-none-eabi/lib/thumb/v7-m/nofp/libg.a(libc_a-reent.o)
 .debug_abbrev  0x000034f6      0x502 /usr/lib/gcc/arm-none-eabi/14.2.1/../../../arm-none-eabi/lib/thumb/v7-m/nofp/libg.a(libc_a-mprec.o)
 .debug_abbrev  0x000039f8      0x2ef /usr/lib/gcc/arm-none-eabi/14.2.1/../../../arm-none-eabi/lib/thumb/v7-m/nofp/libg.a(libc_a-fclose.o)
 .debug_abbrev  0x00003ce7      0x2d9 /usr/lib/gcc/arm-none-eabi/14.2.1/../../../arm-none-eabi/lib/thumb/v7-m/nofp/libg.a(libc_a-locale.o)
 .debug_abbrev  0x00003fc0      0x252 /usr/lib/gcc/arm-none-eabi/14.2.1/../../../arm-none-eabi/lib/thumb/v7-m/nofp/libg.a(libc_a-fiprintf.o)
 .debug_abbrev  0x00004212      0x1ec /usr/lib/gcc/arm-none-eabi/14.2.1/../../../arm-none-eabi/lib/thumb/v7-m/nofp/libg.a(libc_a-readr.o)
 .debug_abbrev  0x000043fe       0x80 /usr/lib/gcc/arm-none-eabi/14.2.1/../../../arm-none-eabi/lib/thumb/v7-m/nofp/libg.a(libc_a-sysconf.o)
 .debug_abbrev  0x0000447e      0x244 /usr/lib/gcc/arm-none-eabi/14.2.1/../../../arm-none-eabi/lib/thumb/v7-m/nofp/libg.a(libc_a-mbtowc_r.o)
 .debug_abbrev  0x000046c2      0x1f1 /usr/lib/gcc/arm-none-eabi/14.2.1/../../../arm-none-eabi/lib/thumb/v7-m/nofp/libg.a(libc_a-writer.o)
 .debug_abbrev  0x000048b3      0x1ec /usr/lib/gcc/arm-none-eabi/14.2.1/../../../arm-none-eabi/lib/thumb/v7-m/nofp/libg.a(libc_a-closer.o)
 .debug_abbrev  0x00004a9f       0x99 /usr/lib/gcc/arm-none-eabi/14.2.1/../../../arm-none-eabi/lib/thumb/v7-m/nofp/libg.a(libc_a-abort.o)
 .debug_abbrev  0x00004b38      0x25b /usr/lib/gcc/arm-none-eabi/14.2.1/../../../arm-none-eabi/lib/thumb/v7-m/nofp/libg.a(libc_a-callocr.o)
 .debug_abbrev  0x00004d93      0x23d /usr/lib/gcc/arm-none-eabi/14.2.1/../../../arm-none-eabi/lib/thumb/v7-m/nofp/libg.a(libc_a-wctomb_r.o)
 .debug_abbrev  0x00004fd0      0x31f /usr/lib/gcc/arm-none-eabi/14.2.1/../../../arm-none-eabi/lib/thumb/v7-m/nofp/libg.a(libc_a-fflush.o)
 .debug_abbrev  0x000052ef      0x2a3 /usr/lib/gcc/arm-none-eabi/14.2.1/../../../arm-none-eabi/lib/thumb/v7-m/nofp/libg.a(libc_a-reallocr.o)
 .debug_abbrev  0x00005592      0x200 /usr/lib/gcc/arm-none-eabi/14.2.1/../../../arm-none-eabi/lib/thumb/v7-m/nofp/libg.a(libc_a-lseekr.o)
 .debug_abbrev  0x00005792      0x313 /usr/lib/gcc/arm-none-eabi/14.2.1/../../../arm-none-eabi/lib/thumb/v7-m/nofp/libg.a(libc_a-signal.o)
 .debug_abbrev  0x00005aa5      0x3e6 /usr/lib/gcc/arm-none-eabi/14.2.1/../../../arm-none-eabi/lib/thumb/v7-m/nofp/libg.a(libc_a-vfiprintf.o)
 .debug_abbrev  0x00005e8b      0x1d4 /usr/lib/gcc/arm-none-eabi/14.2.1/../../../arm-none-eabi/lib/thumb/v7-m/nofp/libg.a(libc_a-sprint_r.o)
 .debug_abbrev  0x0000605f      0x239 /usr/lib/gcc/arm-none-eabi/14.2.1/../../../arm-none-eabi/lib/thumb/v7-m/nofp/libg.a(libc_a-signalr.o)
 .debug_abbrev  0x00006298      0x21e /usr/lib/gcc/arm-none-eabi/14.2.1/../../../arm-none-eabi/lib/thumb/v7-m/nofp/libg.a(libc_a-wsetup.o)
 .debug_abbrev  0x000064b6      0x254 /usr/lib/gcc/arm-none-eabi/14.2.1/../../../arm-none-eabi/lib/thumb/v7-m/nofp/libg.a(libc_a-fvwrite.o)
 .debug_abbrev  0x0000670a      0x2d9 /usr/lib/gcc/arm-none-eabi/14.2.1/../../../arm-none-eabi/lib/thumb/v7-m/nofp/libg.a(libc_a-makebuf.o)
 .debug_abbrev  0x000069e3      0x1ff /usr/lib/gcc/arm-none-eabi/14.2.1/../../../arm-none-eabi/lib/thumb/v7-m/nofp/libg.a(libc_a-fstatr.o)
 .debug_abbrev  0x00006be2      0x1ec /usr/lib/gcc/arm-none-eabi/14.2.1/../../../arm-none-eabi/lib/thumb/v7-m/nofp/libg.a(libc_a-isattyr.o)
 .debug_abbrev  0x00006dce       0x28 /usr/lib/gcc/arm-none-eabi/14.2.1/thumb/v7-m/nofp/libgcc.a(_arm_addsubdf3.o)
 .debug_abbrev  0x00006df6       0x28 /usr/lib/gcc/arm-none-eabi/14.2.1/thumb/v7-m/nofp/libgcc.a(_arm_muldivdf3.o)
 .debug_abbrev  0x00006e1e       0x28 /usr/lib/gcc/arm-none-eabi/14.2.1/thumb/v7-m/nofp/libgcc.a(_arm_cmpdf2.o)
 .debug_abbrev  0x00006e46       0x28 /usr/lib/gcc/arm-none-eabi/14.2.1/thumb/v7-m/nofp/libgcc.a(_arm_unorddf2.o)
 .debug_abbrev  0x00006e6e       0x28 /usr/lib/gcc/arm-none-eabi/14.2.1/thumb/v7-m/nofp/libgcc.a(_arm_fixdfsi.o)
 .debug_abbrev  0x00006e96       0x96 /usr/lib/gcc/arm-none-eabi/14.2.1/../../../arm-none-eabi/lib/thumb/v7-m/nofp/libnosys.a(close.o)
 .debug_abbrev  0x00006f2c       0xe4 /usr/lib/gcc/arm-none-eabi/14.2.1/../../../arm-none-eabi/lib/thumb/v7-m/nofp/libnosys.a(fstat.o)
 .debug_abbrev  0x00007010       0x82 /usr/lib/gcc/arm-none-eabi/14.2.1/../../../arm-none-eabi/lib/thumb/v7-m/nofp/libnosys.a(getpid.o)
 .debug_abbrev  0x00007092       0x96 /usr/lib/gcc/arm-none-eabi/14.2.1/../../../arm-none-eabi/lib/thumb/v7-m/nofp/libnosys.a(isatty.o)
 .debug_abbrev  0x00007128       0xa7 /usr/lib/gcc/arm-none-eabi/14.2.1/../../../arm-none-eabi/lib/thumb/v7-m/nofp/libnosys.a(kill.o)
 .debug_abbrev  0x000071cf       0xbb /usr/lib/gcc/arm-none-eabi/14.2.1/../../../arm-none-eabi/lib/thumb/v7-m/nofp/libnosys.a(lseek.o)
 .debug_abbrev  0x0000728a       0xc4 /usr/lib/gcc/arm-none-eabi/14.2.1/../../../arm-none-eabi/lib/thumb/v7-m/nofp/libnosys.a(read.o)
 .debug_abbrev  0x0000734e       0xa3 /usr/lib/gcc/arm-none-eabi/14.2.1/../../../arm-none-eabi/lib/thumb/v7-m/nofp/libnosys.a(sbrk.o)
 .debug_abbrev  0x000073f1       0x69 /usr/lib/gcc/arm-none-eabi/14.2.1/../../../arm-none-eabi/lib/thumb/v7-m/nofp/libnosys.a(_exit.o)

.debug_aranges  0x00000000      0x858
 .debug_aranges
                0x00000000       0x20 /tmp/ccdGTFbH.o
 .debug_aranges
                0x00000020       0x28 /tmp/ccPCgyhk.o
 .debug_aranges
                0x00000048       0x20 /usr/lib/gcc/arm-none-eabi/14.2.1/../../../arm-none-eabi/lib/thumb/v7-m/nofp/libg.a(libc_a-strncmp.o)
 .debug_aranges
                0x00000068       0x20 /usr/lib/gcc/arm-none-eabi/14.2.1/../../../arm-none-eabi/lib/thumb/v7-m/nofp/libg.a(libc_a-sprintf.o)
 .debug_aranges
                0x00000088       0x20 /usr/lib/gcc/arm-none-eabi/14.2.1/../../../arm-none-eabi/lib/thumb/v7-m/nofp/libg.a(libc_a-svfprintf.o)
 .debug_aranges
                0x000000a8       0x20 /usr/lib/gcc/arm-none-eabi/14.2.1/../../../arm-none-eabi/lib/thumb/v7-m/nofp/libg.a(libc_a-atoi.o)
 .debug_aranges
                0x000000c8       0x20 /usr/lib/gcc/arm-none-eabi/14.2.1/../../../arm-none-eabi/lib/thumb/v7-m/nofp/libg.a(libc_a-strtol.o)
 .debug_aranges
                0x000000e8       0x18 /usr/lib/gcc/arm-none-eabi/14.2.1/../../../arm-none-eabi/lib/thumb/v7-m/nofp/libg.a(libc_a-ctype_.o)
 .debug_aranges
                0x00000100       0x20 /usr/lib/gcc/arm-none-eabi/14.2.1/../../../arm-none-eabi/lib/thumb/v7-m/nofp/libg.a(libc_a-memset.o)
 .debug_aranges
                0x00000120       0x18 /usr/lib/gcc/arm-none-eabi/14.2.1/../../../arm-none-eabi/lib/thumb/v7-m/nofp/libg.a(libc_a-impure.o)
 .debug_aranges
                0x00000138       0x20 /usr/lib/gcc/arm-none-eabi/14.2.1/../../../arm-none-eabi/lib/thumb/v7-m/nofp/libg.a(libc_a-strcmp.o)
 .debug_aranges
                0x00000158       0x20 /usr/lib/gcc/arm-none-eabi/14.2.1/../../../arm-none-eabi/lib/thumb/v7-m/nofp/libg.a(libc_a-ssprint_r.o)
 .debug_aranges
                0x00000178       0x20 /usr/lib/gcc/arm-none-eabi/14.2.1/../../../arm-none-eabi/lib/thumb/v7-m/nofp/libg.a(libc_a-findfp.o)
 .debug_aranges
                0x00000198       0x20 /usr/lib/gcc/arm-none-eabi/14.2.1/../../../arm-none-eabi/lib/thumb/v7-m/nofp/libg.a(libc_a-fwalk.o)
 .debug_aranges
                0x000001b8       0x20 /usr/lib/gcc/arm-none-eabi/14.2.1/../../../arm-none-eabi/lib/thumb/v7-m/nofp/libg.a(libc_a-errno.o)
 .debug_aranges
                0x000001d8       0x20 /usr/lib/gcc/arm-none-eabi/14.2.1/../../../arm-none-eabi/lib/thumb/v7-m/nofp/libg.a(libc_a-strlen-stub.o)
 .debug_aranges
                0x000001f8       0x20 /usr/lib/gcc/arm-none-eabi/14.2.1/../../../arm-none-eabi/lib/thumb/v7-m/nofp/libg.a(libc_a-localeconv.o)
 .debug_aranges
                0x00000218       0x20 /usr/lib/gcc/arm-none-eabi/14.2.1/../../../arm-none-eabi/lib/thumb/v7-m/nofp/libg.a(libc_a-mallocr.o)
 .debug_aranges
                0x00000238       0x20 /usr/lib/gcc/arm-none-eabi/14.2.1/../../../arm-none-eabi/lib/thumb/v7-m/nofp/libg.a(libc_a-memchr-stub.o)
 .debug_aranges
                0x00000258       0x20 /usr/lib/gcc/arm-none-eabi/14.2.1/../../../arm-none-eabi/lib/thumb/v7-m/nofp/libg.a(libc_a-dtoa.o)
 .debug_aranges
                0x00000278       0x20 /usr/lib/gcc/arm-none-eabi/14.2.1/../../../arm-none-eabi/lib/thumb/v7-m/nofp/libg.a(libc_a-sbrkr.o)
 .debug_aranges
                0x00000298       0x20 /usr/lib/gcc/arm-none-eabi/14.2.1/../../../arm-none-eabi/lib/thumb/v7-m/nofp/libg.a(libc_a-freer.o)
 .debug_aranges
                0x000002b8       0x20 /usr/lib/gcc/arm-none-eabi/14.2.1/../../../arm-none-eabi/lib/thumb/v7-m/nofp/libg.a(libc_a-ssputs_r.o)
 .debug_aranges
                0x000002d8       0x20 /usr/lib/gcc/arm-none-eabi/14.2.1/../../../arm-none-eabi/lib/thumb/v7-m/nofp/libg.a(libc_a-mlock.o)
 .debug_aranges
                0x000002f8       0x20 /usr/lib/gcc/arm-none-eabi/14.2.1/../../../arm-none-eabi/lib/thumb/v7-m/nofp/libg.a(libc_a-stdio.o)
 .debug_aranges
                0x00000318       0x20 /usr/lib/gcc/arm-none-eabi/14.2.1/../../../arm-none-eabi/lib/thumb/v7-m/nofp/libg.a(libc_a-memcpy.o)
 .debug_aranges
                0x00000338       0x20 /usr/lib/gcc/arm-none-eabi/14.2.1/../../../arm-none-eabi/lib/thumb/v7-m/nofp/libg.a(libc_a-memmove.o)
 .debug_aranges
                0x00000358       0x20 /usr/lib/gcc/arm-none-eabi/14.2.1/../../../arm-none-eabi/lib/thumb/v7-m/nofp/libg.a(libc_a-assert.o)
 .debug_aranges
                0x00000378       0x20 /usr/lib/gcc/arm-none-eabi/14.2.1/../../../arm-none-eabi/lib/thumb/v7-m/nofp/libg.a(libc_a-reent.o)
 .debug_aranges
                0x00000398       0x20 /usr/lib/gcc/arm-none-eabi/14.2.1/../../../arm-none-eabi/lib/thumb/v7-m/nofp/libg.a(libc_a-mprec.o)
 .debug_aranges
                0x000003b8       0x20 /usr/lib/gcc/arm-none-eabi/14.2.1/../../../arm-none-eabi/lib/thumb/v7-m/nofp/libg.a(libc_a-fclose.o)
 .debug_aranges
                0x000003d8       0x20 /usr/lib/gcc/arm-none-eabi/14.2.1/../../../arm-none-eabi/lib/thumb/v7-m/nofp/libg.a(libc_a-locale.o)
 .debug_aranges
                0x000003f8       0x20 /usr/lib/gcc/arm-none-eabi/14.2.1/../../../arm-none-eabi/lib/thumb/v7-m/nofp/libg.a(libc_a-fiprintf.o)
 .debug_aranges
                0x00000418       0x20 /usr/lib/gcc/arm-none-eabi/14.2.1/../../../arm-none-eabi/lib/thumb/v7-m/nofp/libg.a(libc_a-readr.o)
 .debug_aranges
                0x00000438       0x20 /usr/lib/gcc/arm-none-eabi/14.2.1/../../../arm-none-eabi/lib/thumb/v7-m/nofp/libg.a(libc_a-sysconf.o)
 .debug_aranges
                0x00000458       0x20 /usr/lib/gcc/arm-none-eabi/14.2.1/../../../arm-none-eabi/lib/thumb/v7-m/nofp/libg.a(libc_a-mbtowc_r.o)
 .debug_aranges
                0x00000478       0x20 /usr/lib/gcc/arm-none-eabi/14.2.1/../../../arm-none-eabi/lib/thumb/v7-m/nofp/libg.a(libc_a-writer.o)
 .debug_aranges
                0x00000498       0x20 /usr/lib/gcc/arm-none-eabi/14.2.1/../../../arm-none-eabi/lib/thumb/v7-m/nofp/libg.a(libc_a-closer.o)
 .debug_aranges
                0x000004b8       0x20 /usr/lib/gcc/arm-none-eabi/14.2.1/../../../arm-none-eabi/lib/thumb/v7-m/nofp/libg.a(libc_a-abort.o)
 .debug_aranges
                0x000004d8       0x20 /usr/lib/gcc/arm-none-eabi/14.2.1/../../../arm-none-eabi/lib/thumb/v7-m/nofp/libg.a(libc_a-callocr.o)
 .debug_aranges
                0x000004f8       0x20 /usr/lib/gcc/arm-none-eabi/14.2.1/../../../arm-none-eabi/lib/thumb/v7-m/nofp/libg.a(libc_a-wctomb_r.o)
 .debug_aranges
                0x00000518       0x20 /usr/lib/gcc/arm-none-eabi/14.2.1/../../../arm-none-eabi/lib/thumb/v7-m/nofp/libg.a(libc_a-fflush.o)
 .debug_aranges
                0x00000538       0x20 /usr/lib/gcc/arm-none-eabi/14.2.1/../../../arm-none-eabi/lib/thumb/v7-m/nofp/libg.a(libc_a-reallocr.o)
 .debug_aranges
                0x00000558       0x20 /usr/lib/gcc/arm-none-eabi/14.2.1/../../../arm-none-eabi/lib/thumb/v7-m/nofp/libg.a(libc_a-lseekr.o)
 .debug_aranges
                0x00000578       0x20 /usr/lib/gcc/arm-none-eabi/14.2.1/../../../arm-none-eabi/lib/thumb/v7-m/nofp/libg.a(libc_a-signal.o)
 .debug_aranges
                0x00000598       0x20 /usr/lib/gcc/arm-none-eabi/14.2.1/../../../arm-none-eabi/lib/thumb/v7-m/nofp/libg.a(libc_a-vfiprintf.o)
 .debug_aranges
                0x000005b8       0x20 /usr/lib/gcc/arm-none-eabi/14.2.1/../../../arm-none-eabi/lib/thumb/v7-m/nofp/libg.a(libc_a-sprint_r.o)
 .debug_aranges
                0x000005d8       0x20 /usr/lib/gcc/arm-none-eabi/14.2.1/../../../arm-none-eabi/lib/thumb/v7-m/nofp/libg.a(libc_a-signalr.o)
 .debug_aranges
                0x000005f8       0x20 /usr/lib/gcc/arm-none-eabi/14.2.1/../../../arm-none-eabi/lib/thumb/v7-m/nofp/libg.a(libc_a-wsetup.o)
 .debug_aranges
                0x00000618       0x20 /usr/lib/gcc/arm-none-eabi/14.2.1/../../../arm-none-eabi/lib/thumb/v7-m/nofp/libg.a(libc_a-fvwrite.o)
 .debug_aranges
                0x00000638       0x20 /usr/lib/gcc/arm-none-eabi/14.2.1/../../../arm-none-eabi/lib/thumb/v7-m/nofp/libg.a(libc_a-makebuf.o)
 .debug_aranges
                0x00000658       0x20 /usr/lib/gcc/arm-none-eabi/14.2.1/../../../arm-none-eabi/lib/thumb/v7-m/nofp/libg.a(libc_a-fstatr.o)
 .debug_aranges
                0x00000678       0x20 /usr/lib/gcc/arm-none-eabi/14.2.1/../../../arm-none-eabi/lib/thumb/v7-m/nofp/libg.a(libc_a-isattyr.o)
 .debug_aranges
                0x00000698       0x20 /usr/lib/gcc/arm-none-eabi/14.2.1/thumb/v7-m/nofp/libgcc.a(_arm_addsubdf3.o)
 .debug_aranges
                0x000006b8       0x20 /usr/lib/gcc/arm-none-eabi/14.2.1/thumb/v7-m/nofp/libgcc.a(_arm_muldivdf3.o)
 .debug_aranges
                0x000006d8       0x20 /usr/lib/gcc/arm-none-eabi/14.2.1/thumb/v7-m/nofp/libgcc.a(_arm_cmpdf2.o)
 .debug_aranges
                0x000006f8       0x20 /usr/lib/gcc/arm-none-eabi/14.2.1/thumb/v7-m/nofp/libgcc.a(_arm_unorddf2.o)
 .debug_aranges
                0x00000718       0x20 /usr/lib/gcc/arm-none-eabi/14.2.1/thumb/v7-m/nofp/libgcc.a(_arm_fixdfsi.o)
 .debug_aranges
                0x00000738       0x20 /usr/lib/gcc/arm-none-eabi/14.2.1/../../../arm-none-eabi/lib/thumb/v7-m/nofp/libnosys.a(close.o)
 .debug_aranges
                0x00000758       0x20 /usr/lib/gcc/arm-none-eabi/14.2.1/../../../arm-none-eabi/lib/thumb/v7-m/nofp/libnosys.a(fstat.o)
 .debug_aranges
                0x00000778       0x20 /usr/lib/gcc/arm-none-eabi/14.2.1/../../../arm-none-eabi/lib/thumb/v7-m/nofp/libnosys.a(getpid.o)
 .debug_aranges
                0x00000798       0x20 /usr/lib/gcc/arm-none-eabi/14.2.1/../../../arm-none-eabi/lib/thumb/v7-m/nofp/libnosys.a(isatty.o)
 .debug_aranges
                0x000007b8       0x20 /usr/lib/gcc/arm-none-eabi/14.2.1/../../../arm-none-eabi/lib/thumb/v7-m/nofp/libnosys.a(kill.o)
 .debug_aranges
                0x000007d8       0x20 /usr/lib/gcc/arm-none-eabi/14.2.1/../../../arm-none-eabi/lib/thumb/v7-m/nofp/libnosys.a(lseek.o)
 .debug_aranges
                0x000007f8       0x20 /usr/lib/gcc/arm-none-eabi/14.2.1/../../../arm-none-eabi/lib/thumb/v7-m/nofp/libnosys.a(read.o)
 .debug_aranges
                0x00000818       0x20 /usr/lib/gcc/arm-none-eabi/14.2.1/../../../arm-none-eabi/lib/thumb/v7-m/nofp/libnosys.a(sbrk.o)
 .debug_aranges
                0x00000838       0x20 /usr/lib/gcc/arm-none-eabi/14.2.1/../../../arm-none-eabi/lib/thumb/v7-m/nofp/libnosys.a(_exit.o)

.debug_rnglists
                0x00000000      0x5d4
 .debug_rnglists
                0x00000000       0x27 /tmp/ccdGTFbH.o
 .debug_rnglists
                0x00000027       0x19 /tmp/ccPCgyhk.o
 .debug_rnglists
                0x00000040      0x152 /usr/lib/gcc/arm-none-eabi/14.2.1/../../../arm-none-eabi/lib/thumb/v7-m/nofp/libg.a(libc_a-svfprintf.o)
 .debug_rnglists
                0x00000192       0x1b /usr/lib/gcc/arm-none-eabi/14.2.1/../../../arm-none-eabi/lib/thumb/v7-m/nofp/libg.a(libc_a-strtol.o)
 .debug_rnglists
                0x000001ad       0x7a /usr/lib/gcc/arm-none-eabi/14.2.1/../../../arm-none-eabi/lib/thumb/v7-m/nofp/libg.a(libc_a-findfp.o)
 .debug_rnglists
                0x00000227       0x13 /usr/lib/gcc/arm-none-eabi/14.2.1/../../../arm-none-eabi/lib/thumb/v7-m/nofp/libg.a(libc_a-strlen-stub.o)
 .debug_rnglists
                0x0000023a       0x2b /usr/lib/gcc/arm-none-eabi/14.2.1/../../../arm-none-eabi/lib/thumb/v7-m/nofp/libg.a(libc_a-mallocr.o)
 .debug_rnglists
                0x00000265       0x36 /usr/lib/gcc/arm-none-eabi/14.2.1/../../../arm-none-eabi/lib/thumb/v7-m/nofp/libg.a(libc_a-dtoa.o)
 .debug_rnglists
                0x0000029b       0x1e /usr/lib/gcc/arm-none-eabi/14.2.1/../../../arm-none-eabi/lib/thumb/v7-m/nofp/libg.a(libc_a-ssputs_r.o)
 .debug_rnglists
                0x000002b9       0xb7 /usr/lib/gcc/arm-none-eabi/14.2.1/../../../arm-none-eabi/lib/thumb/v7-m/nofp/libg.a(libc_a-mprec.o)
 .debug_rnglists
                0x00000370       0x1d /usr/lib/gcc/arm-none-eabi/14.2.1/../../../arm-none-eabi/lib/thumb/v7-m/nofp/libg.a(libc_a-fclose.o)
 .debug_rnglists
                0x0000038d       0x19 /usr/lib/gcc/arm-none-eabi/14.2.1/../../../arm-none-eabi/lib/thumb/v7-m/nofp/libg.a(libc_a-locale.o)
 .debug_rnglists
                0x000003a6       0x29 /usr/lib/gcc/arm-none-eabi/14.2.1/../../../arm-none-eabi/lib/thumb/v7-m/nofp/libg.a(libc_a-callocr.o)
 .debug_rnglists
                0x000003cf       0x59 /usr/lib/gcc/arm-none-eabi/14.2.1/../../../arm-none-eabi/lib/thumb/v7-m/nofp/libg.a(libc_a-fflush.o)
 .debug_rnglists
                0x00000428       0xa3 /usr/lib/gcc/arm-none-eabi/14.2.1/../../../arm-none-eabi/lib/thumb/v7-m/nofp/libg.a(libc_a-reallocr.o)
 .debug_rnglists
                0x000004cb       0x65 /usr/lib/gcc/arm-none-eabi/14.2.1/../../../arm-none-eabi/lib/thumb/v7-m/nofp/libg.a(libc_a-signal.o)
 .debug_rnglists
                0x00000530       0x2d /usr/lib/gcc/arm-none-eabi/14.2.1/../../../arm-none-eabi/lib/thumb/v7-m/nofp/libg.a(libc_a-vfiprintf.o)
 .debug_rnglists
                0x0000055d       0x1e /usr/lib/gcc/arm-none-eabi/14.2.1/../../../arm-none-eabi/lib/thumb/v7-m/nofp/libg.a(libc_a-wsetup.o)
 .debug_rnglists
                0x0000057b       0x2b /usr/lib/gcc/arm-none-eabi/14.2.1/../../../arm-none-eabi/lib/thumb/v7-m/nofp/libg.a(libc_a-fvwrite.o)
 .debug_rnglists
                0x000005a6       0x2e /usr/lib/gcc/arm-none-eabi/14.2.1/../../../arm-none-eabi/lib/thumb/v7-m/nofp/libg.a(libc_a-makebuf.o)

.debug_line     0x00000000     0xe52d
 .debug_line    0x00000000      0x2a1 /tmp/ccdGTFbH.o
 .debug_line    0x000002a1       0x59 /tmp/ccPCgyhk.o
 .debug_line    0x000002fa      0x1c1 /usr/lib/gcc/arm-none-eabi/14.2.1/../../../arm-none-eabi/lib/thumb/v7-m/nofp/libg.a(libc_a-strncmp.o)
 .debug_line    0x000004bb      0x234 /usr/lib/gcc/arm-none-eabi/14.2.1/../../../arm-none-eabi/lib/thumb/v7-m/nofp/libg.a(libc_a-sprintf.o)
 .debug_line    0x000006ef     0x256e /usr/lib/gcc/arm-none-eabi/14.2.1/../../../arm-none-eabi/lib/thumb/v7-m/nofp/libg.a(libc_a-svfprintf.o)
 .debug_line    0x00002c5d      0x15b /usr/lib/gcc/arm-none-eabi/14.2.1/../../../arm-none-eabi/lib/thumb/v7-m/nofp/libg.a(libc_a-atoi.o)
 .debug_line    0x00002db8      0x429 /usr/lib/gcc/arm-none-eabi/14.2.1/../../../arm-none-eabi/lib/thumb/v7-m/nofp/libg.a(libc_a-strtol.o)
 .debug_line    0x000031e1       0x97 /usr/lib/gcc/arm-none-eabi/14.2.1/../../../arm-none-eabi/lib/thumb/v7-m/nofp/libg.a(libc_a-ctype_.o)
 .debug_line    0x00003278      0x1a3 /usr/lib/gcc/arm-none-eabi/14.2.1/../../../arm-none-eabi/lib/thumb/v7-m/nofp/libg.a(libc_a-memset.o)
 .debug_line    0x0000341b       0xe7 /usr/lib/gcc/arm-none-eabi/14.2.1/../../../arm-none-eabi/lib/thumb/v7-m/nofp/libg.a(libc_a-impure.o)
 .debug_line    0x00003502       0xdd /usr/lib/gcc/arm-none-eabi/14.2.1/../../../arm-none-eabi/lib/thumb/v7-m/nofp/libg.a(libc_a-strcmp.o)
 .debug_line    0x000035df      0x1ea /usr/lib/gcc/arm-none-eabi/14.2.1/../../../arm-none-eabi/lib/thumb/v7-m/nofp/libg.a(libc_a-ssprint_r.o)
 .debug_line    0x000037c9      0x51f /usr/lib/gcc/arm-none-eabi/14.2.1/../../../arm-none-eabi/lib/thumb/v7-m/nofp/libg.a(libc_a-findfp.o)
 .debug_line    0x00003ce8      0x1c9 /usr/lib/gcc/arm-none-eabi/14.2.1/../../../arm-none-eabi/lib/thumb/v7-m/nofp/libg.a(libc_a-fwalk.o)
 .debug_line    0x00003eb1      0x10c /usr/lib/gcc/arm-none-eabi/14.2.1/../../../arm-none-eabi/lib/thumb/v7-m/nofp/libg.a(libc_a-errno.o)
 .debug_line    0x00003fbd       0xf4 /usr/lib/gcc/arm-none-eabi/14.2.1/../../../arm-none-eabi/lib/thumb/v7-m/nofp/libg.a(libc_a-strlen-stub.o)
 .debug_line    0x000040b1      0x17e /usr/lib/gcc/arm-none-eabi/14.2.1/../../../arm-none-eabi/lib/thumb/v7-m/nofp/libg.a(libc_a-localeconv.o)
 .debug_line    0x0000422f      0x8e0 /usr/lib/gcc/arm-none-eabi/14.2.1/../../../arm-none-eabi/lib/thumb/v7-m/nofp/libg.a(libc_a-mallocr.o)
 .debug_line    0x00004b0f      0x1c6 /usr/lib/gcc/arm-none-eabi/14.2.1/../../../arm-none-eabi/lib/thumb/v7-m/nofp/libg.a(libc_a-memchr-stub.o)
 .debug_line    0x00004cd5     0x16b2 /usr/lib/gcc/arm-none-eabi/14.2.1/../../../arm-none-eabi/lib/thumb/v7-m/nofp/libg.a(libc_a-dtoa.o)
 .debug_line    0x00006387      0x196 /usr/lib/gcc/arm-none-eabi/14.2.1/../../../arm-none-eabi/lib/thumb/v7-m/nofp/libg.a(libc_a-sbrkr.o)
 .debug_line    0x0000651d      0x52a /usr/lib/gcc/arm-none-eabi/14.2.1/../../../arm-none-eabi/lib/thumb/v7-m/nofp/libg.a(libc_a-freer.o)
 .debug_line    0x00006a47      0x275 /usr/lib/gcc/arm-none-eabi/14.2.1/../../../arm-none-eabi/lib/thumb/v7-m/nofp/libg.a(libc_a-ssputs_r.o)
 .debug_line    0x00006cbc      0x153 /usr/lib/gcc/arm-none-eabi/14.2.1/../../../arm-none-eabi/lib/thumb/v7-m/nofp/libg.a(libc_a-mlock.o)
 .debug_line    0x00006e0f      0x22b /usr/lib/gcc/arm-none-eabi/14.2.1/../../../arm-none-eabi/lib/thumb/v7-m/nofp/libg.a(libc_a-stdio.o)
 .debug_line    0x0000703a       0xbd /usr/lib/gcc/arm-none-eabi/14.2.1/../../../arm-none-eabi/lib/thumb/v7-m/nofp/libg.a(libc_a-memcpy.o)
 .debug_line    0x000070f7      0x269 /usr/lib/gcc/arm-none-eabi/14.2.1/../../../arm-none-eabi/lib/thumb/v7-m/nofp/libg.a(libc_a-memmove.o)
 .debug_line    0x00007360      0x1b0 /usr/lib/gcc/arm-none-eabi/14.2.1/../../../arm-none-eabi/lib/thumb/v7-m/nofp/libg.a(libc_a-assert.o)
 .debug_line    0x00007510      0x1f0 /usr/lib/gcc/arm-none-eabi/14.2.1/../../../arm-none-eabi/lib/thumb/v7-m/nofp/libg.a(libc_a-reent.o)
 .debug_line    0x00007700     0x1493 /usr/lib/gcc/arm-none-eabi/14.2.1/../../../arm-none-eabi/lib/thumb/v7-m/nofp/libg.a(libc_a-mprec.o)
 .debug_line    0x00008b93      0x268 /usr/lib/gcc/arm-none-eabi/14.2.1/../../../arm-none-eabi/lib/thumb/v7-m/nofp/libg.a(libc_a-fclose.o)
 .debug_line    0x00008dfb      0x29f /usr/lib/gcc/arm-none-eabi/14.2.1/../../../arm-none-eabi/lib/thumb/v7-m/nofp/libg.a(libc_a-locale.o)
 .debug_line    0x0000909a      0x1ab /usr/lib/gcc/arm-none-eabi/14.2.1/../../../arm-none-eabi/lib/thumb/v7-m/nofp/libg.a(libc_a-fiprintf.o)
 .debug_line    0x00009245      0x19c /usr/lib/gcc/arm-none-eabi/14.2.1/../../../arm-none-eabi/lib/thumb/v7-m/nofp/libg.a(libc_a-readr.o)
 .debug_line    0x000093e1       0xf0 /usr/lib/gcc/arm-none-eabi/14.2.1/../../../arm-none-eabi/lib/thumb/v7-m/nofp/libg.a(libc_a-sysconf.o)
 .debug_line    0x000094d1      0x214 /usr/lib/gcc/arm-none-eabi/14.2.1/../../../arm-none-eabi/lib/thumb/v7-m/nofp/libg.a(libc_a-mbtowc_r.o)
 .debug_line    0x000096e5      0x19d /usr/lib/gcc/arm-none-eabi/14.2.1/../../../arm-none-eabi/lib/thumb/v7-m/nofp/libg.a(libc_a-writer.o)
 .debug_line    0x00009882      0x196 /usr/lib/gcc/arm-none-eabi/14.2.1/../../../arm-none-eabi/lib/thumb/v7-m/nofp/libg.a(libc_a-closer.o)
 .debug_line    0x00009a18      0x115 /usr/lib/gcc/arm-none-eabi/14.2.1/../../../arm-none-eabi/lib/thumb/v7-m/nofp/libg.a(libc_a-abort.o)
 .debug_line    0x00009b2d      0x209 /usr/lib/gcc/arm-none-eabi/14.2.1/../../../arm-none-eabi/lib/thumb/v7-m/nofp/libg.a(libc_a-callocr.o)
 .debug_line    0x00009d36      0x20b /usr/lib/gcc/arm-none-eabi/14.2.1/../../../arm-none-eabi/lib/thumb/v7-m/nofp/libg.a(libc_a-wctomb_r.o)
 .debug_line    0x00009f41      0x45f /usr/lib/gcc/arm-none-eabi/14.2.1/../../../arm-none-eabi/lib/thumb/v7-m/nofp/libg.a(libc_a-fflush.o)
 .debug_line    0x0000a3a0      0x682 /usr/lib/gcc/arm-none-eabi/14.2.1/../../../arm-none-eabi/lib/thumb/v7-m/nofp/libg.a(libc_a-reallocr.o)
 .debug_line    0x0000aa22      0x19d /usr/lib/gcc/arm-none-eabi/14.2.1/../../../arm-none-eabi/lib/thumb/v7-m/nofp/libg.a(libc_a-lseekr.o)
 .debug_line    0x0000abbf      0x67c /usr/lib/gcc/arm-none-eabi/14.2.1/../../../arm-none-eabi/lib/thumb/v7-m/nofp/libg.a(libc_a-signal.o)
 .debug_line    0x0000b23b     0x160e /usr/lib/gcc/arm-none-eabi/14.2.1/../../../arm-none-eabi/lib/thumb/v7-m/nofp/libg.a(libc_a-vfiprintf.o)
 .debug_line    0x0000c849      0x189 /usr/lib/gcc/arm-none-eabi/14.2.1/../../../arm-none-eabi/lib/thumb/v7-m/nofp/libg.a(libc_a-sprint_r.o)
 .debug_line    0x0000c9d2      0x1be /usr/lib/gcc/arm-none-eabi/14.2.1/../../../arm-none-eabi/lib/thumb/v7-m/nofp/libg.a(libc_a-signalr.o)
 .debug_line    0x0000cb90      0x33a /usr/lib/gcc/arm-none-eabi/14.2.1/../../../arm-none-eabi/lib/thumb/v7-m/nofp/libg.a(libc_a-wsetup.o)
 .debug_line    0x0000ceca      0x5b9 /usr/lib/gcc/arm-none-eabi/14.2.1/../../../arm-none-eabi/lib/thumb/v7-m/nofp/libg.a(libc_a-fvwrite.o)
 .debug_line    0x0000d483      0x3d9 /usr/lib/gcc/arm-none-eabi/14.2.1/../../../arm-none-eabi/lib/thumb/v7-m/nofp/libg.a(libc_a-makebuf.o)
 .debug_line    0x0000d85c      0x215 /usr/lib/gcc/arm-none-eabi/14.2.1/../../../arm-none-eabi/lib/thumb/v7-m/nofp/libg.a(libc_a-fstatr.o)
 .debug_line    0x0000da71      0x197 /usr/lib/gcc/arm-none-eabi/14.2.1/../../../arm-none-eabi/lib/thumb/v7-m/nofp/libg.a(libc_a-isattyr.o)
 .debug_line    0x0000dc08      0x16f /usr/lib/gcc/arm-none-eabi/14.2.1/thumb/v7-m/nofp/libgcc.a(_arm_addsubdf3.o)
 .debug_line    0x0000dd77      0x184 /usr/lib/gcc/arm-none-eabi/14.2.1/thumb/v7-m/nofp/libgcc.a(_arm_muldivdf3.o)
 .debug_line    0x0000defb       0xa6 /usr/lib/gcc/arm-none-eabi/14.2.1/thumb/v7-m/nofp/libgcc.a(_arm_cmpdf2.o)
 .debug_line    0x0000dfa1       0x57 /usr/lib/gcc/arm-none-eabi/14.2.1/thumb/v7-m/nofp/libgcc.a(_arm_unorddf2.o)
 .debug_line    0x0000dff8       0x62 /usr/lib/gcc/arm-none-eabi/14.2.1/thumb/v7-m/nofp/libgcc.a(_arm_fixdfsi.o)
 .debug_line    0x0000e05a       0x72 /usr/lib/gcc/arm-none-eabi/14.2.1/../../../arm-none-eabi/lib/thumb/v7-m/nofp/libnosys.a(close.o)
 .debug_line    0x0000e0cc      0x14e /usr/lib/gcc/arm-none-eabi/14.2.1/../../../arm-none-eabi/lib/thumb/v7-m/nofp/libnosys.a(fstat.o)
 .debug_line    0x0000e21a       0x73 /usr/lib/gcc/arm-none-eabi/14.2.1/../../../arm-none-eabi/lib/thumb/v7-m/nofp/libnosys.a(getpid.o)
 .debug_line    0x0000e28d       0x73 /usr/lib/gcc/arm-none-eabi/14.2.1/../../../arm-none-eabi/lib/thumb/v7-m/nofp/libnosys.a(isatty.o)
 .debug_line    0x0000e300       0x71 /usr/lib/gcc/arm-none-eabi/14.2.1/../../../arm-none-eabi/lib/thumb/v7-m/nofp/libnosys.a(kill.o)
 .debug_line    0x0000e371       0x73 /usr/lib/gcc/arm-none-eabi/14.2.1/../../../arm-none-eabi/lib/thumb/v7-m/nofp/libnosys.a(lseek.o)
 .debug_line    0x0000e3e4       0x72 /usr/lib/gcc/arm-none-eabi/14.2.1/../../../arm-none-eabi/lib/thumb/v7-m/nofp/libnosys.a(read.o)
 .debug_line    0x0000e456       0x76 /usr/lib/gcc/arm-none-eabi/14.2.1/../../../arm-none-eabi/lib/thumb/v7-m/nofp/libnosys.a(sbrk.o)
 .debug_line    0x0000e4cc       0x61 /usr/lib/gcc/arm-none-eabi/14.2.1/../../../arm-none-eabi/lib/thumb/v7-m/nofp/libnosys.a(_exit.o)

.debug_str      0x00000000     0x23a3
 .debug_str     0x00000000     0x23a3 /tmp/ccdGTFbH.o
                                0x3cc (size before relaxing)
 .debug_str     0x000023a3        0x0 /tmp/ccPCgyhk.o
                                 0x3d (size before relaxing)
 .debug_str     0x000023a3        0x0 /usr/lib/gcc/arm-none-eabi/14.2.1/../../../arm-none-eabi/lib/thumb/v7-m/nofp/libg.a(libc_a-strncmp.o)
                                0x18e (size before relaxing)
 .debug_str     0x000023a3        0x0 /usr/lib/gcc/arm-none-eabi/14.2.1/../../../arm-none-eabi/lib/thumb/v7-m/nofp/libg.a(libc_a-sprintf.o)
                                0x4de (size before relaxing)
 .debug_str     0x000023a3        0x0 /usr/lib/gcc/arm-none-eabi/14.2.1/../../../arm-none-eabi/lib/thumb/v7-m/nofp/libg.a(libc_a-svfprintf.o)
                                0x8c4 (size before relaxing)
 .debug_str     0x000023a3        0x0 /usr/lib/gcc/arm-none-eabi/14.2.1/../../../arm-none-eabi/lib/thumb/v7-m/nofp/libg.a(libc_a-atoi.o)
                                0x4a3 (size before relaxing)
 .debug_str     0x000023a3        0x0 /usr/lib/gcc/arm-none-eabi/14.2.1/../../../arm-none-eabi/lib/thumb/v7-m/nofp/libg.a(libc_a-strtol.o)
                                0x720 (size before relaxing)
 .debug_str     0x000023a3        0x0 /usr/lib/gcc/arm-none-eabi/14.2.1/../../../arm-none-eabi/lib/thumb/v7-m/nofp/libg.a(libc_a-ctype_.o)
                                0x185 (size before relaxing)
 .debug_str     0x000023a3        0x0 /usr/lib/gcc/arm-none-eabi/14.2.1/../../../arm-none-eabi/lib/thumb/v7-m/nofp/libg.a(libc_a-memset.o)
                                0x1a0 (size before relaxing)
 .debug_str     0x000023a3        0x0 /usr/lib/gcc/arm-none-eabi/14.2.1/../../../arm-none-eabi/lib/thumb/v7-m/nofp/libg.a(libc_a-impure.o)
                                0x4a4 (size before relaxing)
 .debug_str     0x000023a3        0x0 /usr/lib/gcc/arm-none-eabi/14.2.1/../../../arm-none-eabi/lib/thumb/v7-m/nofp/libg.a(libc_a-strcmp.o)
                                 0xa6 (size before relaxing)
 .debug_str     0x000023a3        0x0 /usr/lib/gcc/arm-none-eabi/14.2.1/../../../arm-none-eabi/lib/thumb/v7-m/nofp/libg.a(libc_a-ssprint_r.o)
                                0x4e8 (size before relaxing)
 .debug_str     0x000023a3        0x0 /usr/lib/gcc/arm-none-eabi/14.2.1/../../../arm-none-eabi/lib/thumb/v7-m/nofp/libg.a(libc_a-findfp.o)
                                0x6a7 (size before relaxing)
 .debug_str     0x000023a3        0x0 /usr/lib/gcc/arm-none-eabi/14.2.1/../../../arm-none-eabi/lib/thumb/v7-m/nofp/libg.a(libc_a-fwalk.o)
                                0x4af (size before relaxing)
 .debug_str     0x000023a3        0x0 /usr/lib/gcc/arm-none-eabi/14.2.1/../../../arm-none-eabi/lib/thumb/v7-m/nofp/libg.a(libc_a-errno.o)
                                0x499 (size before relaxing)
 .debug_str     0x000023a3        0x0 /usr/lib/gcc/arm-none-eabi/14.2.1/../../../arm-none-eabi/lib/thumb/v7-m/nofp/libg.a(libc_a-strlen-stub.o)
                                0x196 (size before relaxing)
 .debug_str     0x000023a3        0x0 /usr/lib/gcc/arm-none-eabi/14.2.1/../../../arm-none-eabi/lib/thumb/v7-m/nofp/libg.a(libc_a-localeconv.o)
                                0x6e5 (size before relaxing)
 .debug_str     0x000023a3        0x0 /usr/lib/gcc/arm-none-eabi/14.2.1/../../../arm-none-eabi/lib/thumb/v7-m/nofp/libg.a(libc_a-mallocr.o)
                                0x6c7 (size before relaxing)
 .debug_str     0x000023a3        0x0 /usr/lib/gcc/arm-none-eabi/14.2.1/../../../arm-none-eabi/lib/thumb/v7-m/nofp/libg.a(libc_a-memchr-stub.o)
                                0x1b0 (size before relaxing)
 .debug_str     0x000023a3        0x0 /usr/lib/gcc/arm-none-eabi/14.2.1/../../../arm-none-eabi/lib/thumb/v7-m/nofp/libg.a(libc_a-dtoa.o)
                                0x877 (size before relaxing)
 .debug_str     0x000023a3        0x0 /usr/lib/gcc/arm-none-eabi/14.2.1/../../../arm-none-eabi/lib/thumb/v7-m/nofp/libg.a(libc_a-sbrkr.o)
                                0x4a8 (size before relaxing)
 .debug_str     0x000023a3        0x0 /usr/lib/gcc/arm-none-eabi/14.2.1/../../../arm-none-eabi/lib/thumb/v7-m/nofp/libg.a(libc_a-freer.o)
                                0x60f (size before relaxing)
 .debug_str     0x000023a3        0x0 /usr/lib/gcc/arm-none-eabi/14.2.1/../../../arm-none-eabi/lib/thumb/v7-m/nofp/libg.a(libc_a-ssputs_r.o)
                                0x4da (size before relaxing)
 .debug_str     0x000023a3        0x0 /usr/lib/gcc/arm-none-eabi/14.2.1/../../../arm-none-eabi/lib/thumb/v7-m/nofp/libg.a(libc_a-mlock.o)
                                0x4bd (size before relaxing)
 .debug_str     0x000023a3        0x0 /usr/lib/gcc/arm-none-eabi/14.2.1/../../../arm-none-eabi/lib/thumb/v7-m/nofp/libg.a(libc_a-stdio.o)
                                0x50c (size before relaxing)
 .debug_str     0x000023a3        0x0 /usr/lib/gcc/arm-none-eabi/14.2.1/../../../arm-none-eabi/lib/thumb/v7-m/nofp/libg.a(libc_a-memcpy.o)
                                 0xa6 (size before relaxing)
 .debug_str     0x000023a3        0x0 /usr/lib/gcc/arm-none-eabi/14.2.1/../../../arm-none-eabi/lib/thumb/v7-m/nofp/libg.a(libc_a-memmove.o)
                                0x1bf (size before relaxing)
 .debug_str     0x000023a3        0x0 /usr/lib/gcc/arm-none-eabi/14.2.1/../../../arm-none-eabi/lib/thumb/v7-m/nofp/libg.a(libc_a-assert.o)
                                0x4d8 (size before relaxing)
 .debug_str     0x000023a3        0x0 /usr/lib/gcc/arm-none-eabi/14.2.1/../../../arm-none-eabi/lib/thumb/v7-m/nofp/libg.a(libc_a-reent.o)
                                0x4be (size before relaxing)
 .debug_str     0x000023a3        0x0 /usr/lib/gcc/arm-none-eabi/14.2.1/../../../arm-none-eabi/lib/thumb/v7-m/nofp/libg.a(libc_a-mprec.o)
                                0x7b5 (size before relaxing)
 .debug_str     0x000023a3        0x0 /usr/lib/gcc/arm-none-eabi/14.2.1/../../../arm-none-eabi/lib/thumb/v7-m/nofp/libg.a(libc_a-fclose.o)
                                0x4fe (size before relaxing)
 .debug_str     0x000023a3        0x0 /usr/lib/gcc/arm-none-eabi/14.2.1/../../../arm-none-eabi/lib/thumb/v7-m/nofp/libg.a(libc_a-locale.o)
                                0x71e (size before relaxing)
 .debug_str     0x000023a3        0x0 /usr/lib/gcc/arm-none-eabi/14.2.1/../../../arm-none-eabi/lib/thumb/v7-m/nofp/libg.a(libc_a-fiprintf.o)
                                0x4e1 (size before relaxing)
 .debug_str     0x000023a3        0x0 /usr/lib/gcc/arm-none-eabi/14.2.1/../../../arm-none-eabi/lib/thumb/v7-m/nofp/libg.a(libc_a-readr.o)
                                0x4a3 (size before relaxing)
 .debug_str     0x000023a3        0x0 /usr/lib/gcc/arm-none-eabi/14.2.1/../../../arm-none-eabi/lib/thumb/v7-m/nofp/libg.a(libc_a-sysconf.o)
                                0x195 (size before relaxing)
 .debug_str     0x000023a3        0x0 /usr/lib/gcc/arm-none-eabi/14.2.1/../../../arm-none-eabi/lib/thumb/v7-m/nofp/libg.a(libc_a-mbtowc_r.o)
                                0x6c5 (size before relaxing)